2026-01-28 13:00:05,085 INFO org.apache.hadoop.mapreduce.Job (main):  map 16% reduce 0%
2026-01-28 13:00:13,142 INFO org.apache.hadoop.mapreduce.Job (main):  map 17% reduce 0%
2026-01-28 13:00:23,187 INFO org.apache.hadoop.mapreduce.Job (main):  map 18% reduce 0%
2026-01-28 13:00:40,274 INFO org.apache.hadoop.mapreduce.Job (main):  map 19% reduce 0%
2026-01-28 13:00:59,354 INFO org.apache.hadoop.mapreduce.Job (main):  map 20% reduce 0%
2026-01-28 13:01:13,427 INFO org.apache.hadoop.mapreduce.Job (main):  map 21% reduce 1%
2026-01-28 13:01:25,493 INFO org.apache.hadoop.mapreduce.Job (main):  map 22% reduce 1%
2026-01-28 13:01:41,555 INFO org.apache.hadoop.mapreduce.Job (main):  map 23% reduce 1%
2026-01-28 13:01:50,593 INFO org.apache.hadoop.mapreduce.Job (main):  map 24% reduce 1%
2026-01-28 13:01:59,628 INFO org.apache.hadoop.mapreduce.Job (main):  map 25% reduce 1%
2026-01-28 13:02:07,653 INFO org.apache.hadoop.mapreduce.Job (main):  map 26% reduce 1%
2026-01-28 13:02:17,691 INFO org.apache.hadoop.mapreduce.Job (main):  map 27% reduce 1%
2026-01-28 13:02:20,700 INFO org.apache.hadoop.mapreduce.Job (main):  map 27% reduce 2%
2026-01-28 13:02:31,747 INFO org.apache.hadoop.mapreduce.Job (main):  map 28% reduce 2%
2026-01-28 13:02:46,796 INFO org.apache.hadoop.mapreduce.Job (main):  map 29% reduce 2%
2026-01-28 13:02:58,859 INFO org.apache.hadoop.mapreduce.Job (main):  map 30% reduce 2%
2026-01-28 13:03:10,917 INFO org.apache.hadoop.mapreduce.Job (main):  map 31% reduce 2%
2026-01-28 13:03:29,984 INFO org.apache.hadoop.mapreduce.Job (main):  map 32% reduce 2%
2026-01-28 13:03:36,008 INFO org.apache.hadoop.mapreduce.Job (main):  map 33% reduce 2%
2026-01-28 13:03:54,108 INFO org.apache.hadoop.mapreduce.Job (main):  map 34% reduce 2%
2026-01-28 13:03:55,112 INFO org.apache.hadoop.mapreduce.Job (main):  map 34% reduce 3%
2026-01-28 13:04:08,171 INFO org.apache.hadoop.mapreduce.Job (main):  map 35% reduce 3%
2026-01-28 13:04:18,214 INFO org.apache.hadoop.mapreduce.Job (main):  map 36% reduce 3%
2026-01-28 13:04:29,262 INFO org.apache.hadoop.mapreduce.Job (main):  map 37% reduce 3%
2026-01-28 13:04:39,305 INFO org.apache.hadoop.mapreduce.Job (main):  map 38% reduce 3%
2026-01-28 13:04:45,332 INFO org.apache.hadoop.mapreduce.Job (main):  map 38% reduce 4%
2026-01-28 13:04:56,368 INFO org.apache.hadoop.mapreduce.Job (main):  map 39% reduce 4%
2026-01-28 13:05:06,396 INFO org.apache.hadoop.mapreduce.Job (main):  map 40% reduce 4%
2026-01-28 13:05:27,459 INFO org.apache.hadoop.mapreduce.Job (main):  map 41% reduce 4%
2026-01-28 13:05:42,512 INFO org.apache.hadoop.mapreduce.Job (main):  map 42% reduce 4%
2026-01-28 13:06:00,557 INFO org.apache.hadoop.mapreduce.Job (main):  map 43% reduce 4%
2026-01-28 13:06:12,597 INFO org.apache.hadoop.mapreduce.Job (main):  map 43% reduce 5%
2026-01-28 13:06:13,600 INFO org.apache.hadoop.mapreduce.Job (main):  map 44% reduce 5%
2026-01-28 13:06:27,644 INFO org.apache.hadoop.mapreduce.Job (main):  map 45% reduce 5%
2026-01-28 13:06:41,681 INFO org.apache.hadoop.mapreduce.Job (main):  map 45% reduce 6%
2026-01-28 13:06:47,696 INFO org.apache.hadoop.mapreduce.Job (main):  map 46% reduce 6%
2026-01-28 13:06:58,730 INFO org.apache.hadoop.mapreduce.Job (main):  map 47% reduce 6%
2026-01-28 13:07:08,753 INFO org.apache.hadoop.mapreduce.Job (main):  map 48% reduce 6%
2026-01-28 13:07:27,803 INFO org.apache.hadoop.mapreduce.Job (main):  map 49% reduce 6%
2026-01-28 13:07:36,829 INFO org.apache.hadoop.mapreduce.Job (main):  map 50% reduce 6%
2026-01-28 13:07:53,872 INFO org.apache.hadoop.mapreduce.Job (main):  map 51% reduce 6%
2026-01-28 13:08:09,910 INFO org.apache.hadoop.mapreduce.Job (main):  map 51% reduce 7%
2026-01-28 13:08:11,915 INFO org.apache.hadoop.mapreduce.Job (main):  map 52% reduce 7%
2026-01-28 13:08:13,919 INFO org.apache.hadoop.mapreduce.Job (main):  map 52% reduce 8%
2026-01-28 13:08:36,977 INFO org.apache.hadoop.mapreduce.Job (main):  map 53% reduce 8%
2026-01-28 13:08:52,013 INFO org.apache.hadoop.mapreduce.Job (main):  map 54% reduce 8%
2026-01-28 13:09:06,047 INFO org.apache.hadoop.mapreduce.Job (main):  map 55% reduce 8%
2026-01-28 13:09:20,082 INFO org.apache.hadoop.mapreduce.Job (main):  map 56% reduce 8%
2026-01-28 13:09:43,131 INFO org.apache.hadoop.mapreduce.Job (main):  map 57% reduce 8%
2026-01-28 13:09:53,154 INFO org.apache.hadoop.mapreduce.Job (main):  map 57% reduce 9%
2026-01-28 13:09:59,170 INFO org.apache.hadoop.mapreduce.Job (main):  map 58% reduce 9%
2026-01-28 13:10:13,209 INFO org.apache.hadoop.mapreduce.Job (main):  map 59% reduce 9%
2026-01-28 13:10:29,250 INFO org.apache.hadoop.mapreduce.Job (main):  map 60% reduce 9%
2026-01-28 13:10:48,295 INFO org.apache.hadoop.mapreduce.Job (main):  map 61% reduce 9%
2026-01-28 13:11:04,337 INFO org.apache.hadoop.mapreduce.Job (main):  map 62% reduce 9%
2026-01-28 13:11:27,411 INFO org.apache.hadoop.mapreduce.Job (main):  map 63% reduce 9%
2026-01-28 13:11:35,431 INFO org.apache.hadoop.mapreduce.Job (main):  map 63% reduce 10%
2026-01-28 13:11:37,435 INFO org.apache.hadoop.mapreduce.Job (main):  map 64% reduce 10%
2026-01-28 13:11:52,476 INFO org.apache.hadoop.mapreduce.Job (main):  map 65% reduce 10%
2026-01-28 13:12:11,536 INFO org.apache.hadoop.mapreduce.Job (main):  map 66% reduce 10%
2026-01-28 13:12:30,580 INFO org.apache.hadoop.mapreduce.Job (main):  map 67% reduce 10%
2026-01-28 13:12:45,613 INFO org.apache.hadoop.mapreduce.Job (main):  map 68% reduce 10%
2026-01-28 13:13:07,661 INFO org.apache.hadoop.mapreduce.Job (main):  map 69% reduce 10%
2026-01-28 13:13:25,703 INFO org.apache.hadoop.mapreduce.Job (main):  map 69% reduce 11%
2026-01-28 13:13:26,705 INFO org.apache.hadoop.mapreduce.Job (main):  map 70% reduce 11%
2026-01-28 13:13:41,740 INFO org.apache.hadoop.mapreduce.Job (main):  map 71% reduce 11%
2026-01-28 13:13:58,777 INFO org.apache.hadoop.mapreduce.Job (main):  map 72% reduce 11%
2026-01-28 13:14:15,817 INFO org.apache.hadoop.mapreduce.Job (main):  map 73% reduce 11%
2026-01-28 13:14:30,851 INFO org.apache.hadoop.mapreduce.Job (main):  map 74% reduce 11%
2026-01-28 13:14:47,891 INFO org.apache.hadoop.mapreduce.Job (main):  map 75% reduce 11%
2026-01-28 13:15:09,942 INFO org.apache.hadoop.mapreduce.Job (main):  map 76% reduce 11%
2026-01-28 13:15:24,976 INFO org.apache.hadoop.mapreduce.Job (main):  map 76% reduce 12%
2026-01-28 13:15:28,985 INFO org.apache.hadoop.mapreduce.Job (main):  map 77% reduce 12%
2026-01-28 13:15:46,022 INFO org.apache.hadoop.mapreduce.Job (main):  map 78% reduce 12%
2026-01-28 13:16:02,056 INFO org.apache.hadoop.mapreduce.Job (main):  map 79% reduce 12%
2026-01-28 13:16:17,108 INFO org.apache.hadoop.mapreduce.Job (main):  map 80% reduce 12%
2026-01-28 13:16:37,151 INFO org.apache.hadoop.mapreduce.Job (main):  map 81% reduce 12%
2026-01-28 13:16:50,182 INFO org.apache.hadoop.mapreduce.Job (main):  map 82% reduce 12%
2026-01-28 13:17:08,219 INFO org.apache.hadoop.mapreduce.Job (main):  map 83% reduce 12%
2026-01-28 13:17:24,254 INFO org.apache.hadoop.mapreduce.Job (main):  map 84% reduce 12%
2026-01-28 13:17:26,259 INFO org.apache.hadoop.mapreduce.Job (main):  map 84% reduce 13%
2026-01-28 13:17:45,358 INFO org.apache.hadoop.mapreduce.Job (main):  map 85% reduce 13%
2026-01-28 13:18:01,394 INFO org.apache.hadoop.mapreduce.Job (main):  map 86% reduce 13%
2026-01-28 13:18:17,428 INFO org.apache.hadoop.mapreduce.Job (main):  map 87% reduce 13%
2026-01-28 13:18:33,464 INFO org.apache.hadoop.mapreduce.Job (main):  map 88% reduce 13%
2026-01-28 13:18:51,505 INFO org.apache.hadoop.mapreduce.Job (main):  map 89% reduce 13%
2026-01-28 13:18:55,515 INFO org.apache.hadoop.mapreduce.Job (main):  map 89% reduce 14%
2026-01-28 13:19:04,535 INFO org.apache.hadoop.mapreduce.Job (main):  map 90% reduce 14%
2026-01-28 13:19:19,576 INFO org.apache.hadoop.mapreduce.Job (main):  map 91% reduce 14%
2026-01-28 13:19:41,621 INFO org.apache.hadoop.mapreduce.Job (main):  map 92% reduce 14%
2026-01-28 13:20:07,677 INFO org.apache.hadoop.mapreduce.Job (main):  map 93% reduce 14%
2026-01-28 13:20:18,703 INFO org.apache.hadoop.mapreduce.Job (main):  map 94% reduce 14%
2026-01-28 13:20:38,746 INFO org.apache.hadoop.mapreduce.Job (main):  map 95% reduce 14%
2026-01-28 13:20:56,788 INFO org.apache.hadoop.mapreduce.Job (main):  map 95% reduce 15%
2026-01-28 13:20:59,798 INFO org.apache.hadoop.mapreduce.Job (main):  map 96% reduce 15%
2026-01-28 13:21:15,839 INFO org.apache.hadoop.mapreduce.Job (main):  map 97% reduce 15%
2026-01-28 13:21:29,873 INFO org.apache.hadoop.mapreduce.Job (main):  map 98% reduce 15%
2026-01-28 13:21:44,904 INFO org.apache.hadoop.mapreduce.Job (main):  map 98% reduce 17%
2026-01-28 13:21:54,927 INFO org.apache.hadoop.mapreduce.Job (main):  map 98% reduce 19%
2026-01-28 13:21:56,933 INFO org.apache.hadoop.mapreduce.Job (main):  map 99% reduce 19%
2026-01-28 13:22:08,961 INFO org.apache.hadoop.mapreduce.Job (main):  map 99% reduce 20%
2026-01-28 13:22:19,987 INFO org.apache.hadoop.mapreduce.Job (main):  map 100% reduce 20%
2026-01-28 13:22:20,989 INFO org.apache.hadoop.mapreduce.Job (main):  map 100% reduce 22%
2026-01-28 13:22:26,001 INFO org.apache.hadoop.mapreduce.Job (main):  map 100% reduce 24%
2026-01-28 13:22:43,036 INFO org.apache.hadoop.mapreduce.Job (main):  map 100% reduce 26%
2026-01-28 13:22:45,045 INFO org.apache.hadoop.mapreduce.Job (main):  map 100% reduce 27%
2026-01-28 13:22:51,068 INFO org.apache.hadoop.mapreduce.Job (main):  map 100% reduce 28%
2026-01-28 13:22:56,098 INFO org.apache.hadoop.mapreduce.Job (main):  map 100% reduce 31%
2026-01-28 13:22:57,101 INFO org.apache.hadoop.mapreduce.Job (main):  map 100% reduce 32%
2026-01-28 13:22:59,107 INFO org.apache.hadoop.mapreduce.Job (main):  map 100% reduce 35%
2026-01-28 13:23:03,116 INFO org.apache.hadoop.mapreduce.Job (main):  map 100% reduce 36%
2026-01-28 13:23:05,121 INFO org.apache.hadoop.mapreduce.Job (main):  map 100% reduce 37%
2026-01-28 13:23:06,123 INFO org.apache.hadoop.mapreduce.Job (main):  map 100% reduce 39%
2026-01-28 13:23:07,126 INFO org.apache.hadoop.mapreduce.Job (main):  map 100% reduce 40%
2026-01-28 13:23:09,141 INFO org.apache.hadoop.mapreduce.Job (main):  map 100% reduce 41%
2026-01-28 13:23:11,170 INFO org.apache.hadoop.mapreduce.Job (main):  map 100% reduce 42%
2026-01-28 13:23:15,186 INFO org.apache.hadoop.mapreduce.Job (main):  map 100% reduce 43%
2026-01-28 13:23:17,191 INFO org.apache.hadoop.mapreduce.Job (main):  map 100% reduce 44%
2026-01-28 13:23:20,198 INFO org.apache.hadoop.mapreduce.Job (main):  map 100% reduce 45%
2026-01-28 13:23:22,204 INFO org.apache.hadoop.mapreduce.Job (main):  map 100% reduce 46%
2026-01-28 13:23:25,211 INFO org.apache.hadoop.mapreduce.Job (main):  map 100% reduce 47%
2026-01-28 13:23:27,216 INFO org.apache.hadoop.mapreduce.Job (main):  map 100% reduce 48%
2026-01-28 13:23:29,225 INFO org.apache.hadoop.mapreduce.Job (main):  map 100% reduce 49%
2026-01-28 13:23:32,232 INFO org.apache.hadoop.mapreduce.Job (main):  map 100% reduce 50%
2026-01-28 13:23:34,237 INFO org.apache.hadoop.mapreduce.Job (main):  map 100% reduce 51%
2026-01-28 13:23:36,242 INFO org.apache.hadoop.mapreduce.Job (main):  map 100% reduce 52%
2026-01-28 13:23:39,248 INFO org.apache.hadoop.mapreduce.Job (main):  map 100% reduce 53%
2026-01-28 13:23:41,255 INFO org.apache.hadoop.mapreduce.Job (main):  map 100% reduce 54%
2026-01-28 13:23:44,262 INFO org.apache.hadoop.mapreduce.Job (main):  map 100% reduce 55%
2026-01-28 13:23:45,265 INFO org.apache.hadoop.mapreduce.Job (main):  map 100% reduce 56%
2026-01-28 13:23:47,271 INFO org.apache.hadoop.mapreduce.Job (main):  map 100% reduce 57%
2026-01-28 13:23:50,281 INFO org.apache.hadoop.mapreduce.Job (main):  map 100% reduce 58%
2026-01-28 13:23:51,283 INFO org.apache.hadoop.mapreduce.Job (main):  map 100% reduce 59%
2026-01-28 13:23:56,298 INFO org.apache.hadoop.mapreduce.Job (main):  map 100% reduce 60%
2026-01-28 13:23:57,301 INFO org.apache.hadoop.mapreduce.Job (main):  map 100% reduce 61%
2026-01-28 13:24:02,315 INFO org.apache.hadoop.mapreduce.Job (main):  map 100% reduce 62%
2026-01-28 13:24:03,317 INFO org.apache.hadoop.mapreduce.Job (main):  map 100% reduce 63%
2026-01-28 13:24:07,328 INFO org.apache.hadoop.mapreduce.Job (main):  map 100% reduce 64%
2026-01-28 13:24:09,333 INFO org.apache.hadoop.mapreduce.Job (main):  map 100% reduce 65%
2026-01-28 13:24:12,343 INFO org.apache.hadoop.mapreduce.Job (main):  map 100% reduce 66%
2026-01-28 13:24:15,349 INFO org.apache.hadoop.mapreduce.Job (main):  map 100% reduce 68%
2026-01-28 13:24:19,359 INFO org.apache.hadoop.mapreduce.Job (main):  map 100% reduce 69%
2026-01-28 13:24:21,363 INFO org.apache.hadoop.mapreduce.Job (main):  map 100% reduce 71%
2026-01-28 13:24:23,372 INFO org.apache.hadoop.mapreduce.Job (main):  map 100% reduce 72%
2026-01-28 13:24:26,379 INFO org.apache.hadoop.mapreduce.Job (main):  map 100% reduce 73%
2026-01-28 13:24:27,382 INFO org.apache.hadoop.mapreduce.Job (main):  map 100% reduce 74%
2026-01-28 13:24:29,391 INFO org.apache.hadoop.mapreduce.Job (main):  map 100% reduce 75%
2026-01-28 13:24:32,400 INFO org.apache.hadoop.mapreduce.Job (main):  map 100% reduce 76%
2026-01-28 13:24:33,402 INFO org.apache.hadoop.mapreduce.Job (main):  map 100% reduce 77%
2026-01-28 13:24:34,404 INFO org.apache.hadoop.mapreduce.Job (main):  map 100% reduce 78%
2026-01-28 13:24:37,411 INFO org.apache.hadoop.mapreduce.Job (main):  map 100% reduce 79%
2026-01-28 13:24:38,414 INFO org.apache.hadoop.mapreduce.Job (main):  map 100% reduce 80%
2026-01-28 13:24:39,421 INFO org.apache.hadoop.mapreduce.Job (main):  map 100% reduce 82%
2026-01-28 13:24:42,429 INFO org.apache.hadoop.mapreduce.Job (main):  map 100% reduce 83%
2026-01-28 13:24:44,434 INFO org.apache.hadoop.mapreduce.Job (main):  map 100% reduce 84%
2026-01-28 13:24:45,437 INFO org.apache.hadoop.mapreduce.Job (main):  map 100% reduce 85%
2026-01-28 13:24:47,441 INFO org.apache.hadoop.mapreduce.Job (main):  map 100% reduce 86%
2026-01-28 13:24:49,446 INFO org.apache.hadoop.mapreduce.Job (main):  map 100% reduce 87%
2026-01-28 13:24:50,453 INFO org.apache.hadoop.mapreduce.Job (main):  map 100% reduce 88%
2026-01-28 13:24:51,455 INFO org.apache.hadoop.mapreduce.Job (main):  map 100% reduce 90%
2026-01-28 13:24:53,460 INFO org.apache.hadoop.mapreduce.Job (main):  map 100% reduce 91%
2026-01-28 13:24:56,471 INFO org.apache.hadoop.mapreduce.Job (main):  map 100% reduce 92%
2026-01-28 13:24:57,473 INFO org.apache.hadoop.mapreduce.Job (main):  map 100% reduce 94%
2026-01-28 13:24:59,478 INFO org.apache.hadoop.mapreduce.Job (main):  map 100% reduce 95%
2026-01-28 13:25:01,484 INFO org.apache.hadoop.mapreduce.Job (main):  map 100% reduce 96%
2026-01-28 13:25:03,490 INFO org.apache.hadoop.mapreduce.Job (main):  map 100% reduce 97%
2026-01-28 13:25:05,495 INFO org.apache.hadoop.mapreduce.Job (main):  map 100% reduce 98%
2026-01-28 13:25:09,506 INFO org.apache.hadoop.mapreduce.Job (main):  map 100% reduce 99%
2026-01-28 13:25:12,535 INFO org.apache.hadoop.mapreduce.Job (main):  map 100% reduce 100%
2026-01-28 13:25:18,553 INFO org.apache.hadoop.mapreduce.Job (main): Job job_1769604497189_0001 completed successfully
2026-01-28 13:25:18,725 INFO org.apache.hadoop.mapreduce.Job (main): Counters: 56
	File System Counters
		FILE: Number of bytes read=2077046696
		FILE: Number of bytes written=4892306314
		FILE: Number of read operations=0
		FILE: Number of large read operations=0
		FILE: Number of write operations=0
		HDFS: Number of bytes read=42534
		HDFS: Number of bytes written=0
		HDFS: Number of read operations=306
		HDFS: Number of large read operations=0
		HDFS: Number of write operations=0
		S3: Number of bytes read=20561629168
		S3: Number of bytes written=6253723650
		S3: Number of read operations=0
		S3: Number of large read operations=0
		S3: Number of write operations=0
	Job Counters 
		Killed map tasks=2
		Killed reduce tasks=1
		Launched map tasks=307
		Launched reduce tasks=16
		Data-local map tasks=307
		Total time spent by all maps in occupied slots (ms)=45760416768
		Total time spent by all reduces in occupied slots (ms)=31974531072
		Total time spent by all map tasks (ms)=29791938
		Total time spent by all reduce tasks (ms)=10408376
		Total vcore-milliseconds taken by all map tasks=29791938
		Total vcore-milliseconds taken by all reduce tasks=10408376
		Total megabyte-milliseconds taken by all map tasks=45760416768
		Total megabyte-milliseconds taken by all reduce tasks=31974531072
	Map-Reduce Framework
		Map input records=2000106933
		Map output records=653998848
		Map output bytes=19224862338
		Map output materialized bytes=2743768763
		Input split bytes=42534
		Combine input records=653998848
		Combine output records=165800730
		Reduce input groups=165800047
		Reduce shuffle bytes=2743768763
		Reduce input records=165800730
		Reduce output records=165800047
		Spilled Records=331601460
		Shuffled Maps =4590
		Failed Shuffles=0
		Merged Map outputs=4590
		GC time elapsed (ms)=389092
		CPU time spent (ms)=16719940
		Physical memory (bytes) snapshot=365653999616
		Virtual memory (bytes) snapshot=1361748783104
		Total committed heap usage (bytes)=324905467904
	Shuffle Errors
		BAD_ID=0
		CONNECTION=0
		IO_ERROR=0
		WRONG_LENGTH=0
		WRONG_MAP=0
		WRONG_REDUCE=0
	File Input Format Counters 
		Bytes Read=20561629168
	File Output Format Counters 
		Bytes Written=6253723650
2026-01-28 13:25:18,794 INFO org.apache.hadoop.yarn.client.RMProxy (main): Connecting to ResourceManager at ip-172-31-64-89.ec2.internal/172.31.64.89:8032
2026-01-28 13:25:18,798 INFO org.apache.hadoop.yarn.client.AHSProxy (main): Connecting to Application History server at ip-172-31-64-89.ec2.internal/172.31.64.89:10200
2026-01-28 13:25:23,044 INFO org.apache.hadoop.mapreduce.lib.input.FileInputFormat (main): Total input files to process : 15
2026-01-28 13:25:23,195 INFO org.apache.hadoop.mapreduce.JobSubmitter (main): number of splits:105
2026-01-28 13:25:23,265 INFO org.apache.hadoop.mapreduce.JobSubmitter (main): Submitting tokens for job: job_1769604497189_0002
2026-01-28 13:25:23,364 INFO org.apache.hadoop.yarn.client.api.impl.YarnClientImpl (main): Submitted application application_1769604497189_0002
2026-01-28 13:25:23,373 INFO org.apache.hadoop.mapreduce.Job (main): The url to track the job: http://ip-172-31-64-89.ec2.internal:20888/proxy/application_1769604497189_0002/
2026-01-28 13:25:23,373 INFO org.apache.hadoop.mapreduce.Job (main): Running job: job_1769604497189_0002
2026-01-28 13:25:42,599 INFO org.apache.hadoop.mapreduce.Job (main): Job job_1769604497189_0002 running in uber mode : false
2026-01-28 13:25:42,599 INFO org.apache.hadoop.mapreduce.Job (main):  map 0% reduce 0%
2026-01-28 13:26:10,806 INFO org.apache.hadoop.mapreduce.Job (main):  map 1% reduce 0%
2026-01-28 13:26:17,835 INFO org.apache.hadoop.mapreduce.Job (main):  map 2% reduce 0%
2026-01-28 13:26:23,868 INFO org.apache.hadoop.mapreduce.Job (main):  map 3% reduce 0%
2026-01-28 13:26:24,874 INFO org.apache.hadoop.mapreduce.Job (main):  map 4% reduce 0%
2026-01-28 13:26:25,878 INFO org.apache.hadoop.mapreduce.Job (main):  map 5% reduce 0%
2026-01-28 13:26:26,883 INFO org.apache.hadoop.mapreduce.Job (main):  map 7% reduce 0%
2026-01-28 13:26:29,896 INFO org.apache.hadoop.mapreduce.Job (main):  map 8% reduce 0%
2026-01-28 13:26:30,899 INFO org.apache.hadoop.mapreduce.Job (main):  map 9% reduce 0%
2026-01-28 13:26:31,902 INFO org.apache.hadoop.mapreduce.Job (main):  map 10% reduce 0%
2026-01-28 13:26:32,905 INFO org.apache.hadoop.mapreduce.Job (main):  map 13% reduce 0%
2026-01-28 13:26:34,926 INFO org.apache.hadoop.mapreduce.Job (main):  map 14% reduce 0%
2026-01-28 13:26:35,929 INFO org.apache.hadoop.mapreduce.Job (main):  map 15% reduce 0%
2026-01-28 13:26:37,937 INFO org.apache.hadoop.mapreduce.Job (main):  map 16% reduce 0%
2026-01-28 13:26:38,939 INFO org.apache.hadoop.mapreduce.Job (main):  map 18% reduce 0%
2026-01-28 13:26:40,947 INFO org.apache.hadoop.mapreduce.Job (main):  map 19% reduce 0%
2026-01-28 13:27:03,023 INFO org.apache.hadoop.mapreduce.Job (main):  map 20% reduce 0%
2026-01-28 13:27:26,128 INFO org.apache.hadoop.mapreduce.Job (main):  map 21% reduce 0%
2026-01-28 13:27:29,136 INFO org.apache.hadoop.mapreduce.Job (main):  map 22% reduce 0%
2026-01-28 13:27:55,224 INFO org.apache.hadoop.mapreduce.Job (main):  map 23% reduce 0%
2026-01-28 13:28:00,238 INFO org.apache.hadoop.mapreduce.Job (main):  map 24% reduce 0%
2026-01-28 13:28:04,252 INFO org.apache.hadoop.mapreduce.Job (main):  map 25% reduce 0%
2026-01-28 13:28:06,257 INFO org.apache.hadoop.mapreduce.Job (main):  map 26% reduce 0%
2026-01-28 13:28:08,262 INFO org.apache.hadoop.mapreduce.Job (main):  map 27% reduce 0%
2026-01-28 13:28:10,271 INFO org.apache.hadoop.mapreduce.Job (main):  map 28% reduce 0%
2026-01-28 13:28:14,283 INFO org.apache.hadoop.mapreduce.Job (main):  map 29% reduce 0%
2026-01-28 13:28:17,295 INFO org.apache.hadoop.mapreduce.Job (main):  map 30% reduce 0%
2026-01-28 13:28:18,297 INFO org.apache.hadoop.mapreduce.Job (main):  map 31% reduce 0%
2026-01-28 13:28:21,308 INFO org.apache.hadoop.mapreduce.Job (main):  map 32% reduce 0%
2026-01-28 13:28:33,351 INFO org.apache.hadoop.mapreduce.Job (main):  map 33% reduce 0%
2026-01-28 13:28:34,354 INFO org.apache.hadoop.mapreduce.Job (main):  map 33% reduce 1%
2026-01-28 13:28:35,356 INFO org.apache.hadoop.mapreduce.Job (main):  map 34% reduce 1%
2026-01-28 13:28:44,376 INFO org.apache.hadoop.mapreduce.Job (main):  map 35% reduce 1%
2026-01-28 13:28:47,383 INFO org.apache.hadoop.mapreduce.Job (main):  map 36% reduce 1%
2026-01-28 13:28:50,389 INFO org.apache.hadoop.mapreduce.Job (main):  map 37% reduce 1%
2026-01-28 13:28:54,398 INFO org.apache.hadoop.mapreduce.Job (main):  map 38% reduce 2%
2026-01-28 13:28:58,410 INFO org.apache.hadoop.mapreduce.Job (main):  map 39% reduce 2%
2026-01-28 13:28:59,412 INFO org.apache.hadoop.mapreduce.Job (main):  map 40% reduce 2%
2026-01-28 13:29:01,416 INFO org.apache.hadoop.mapreduce.Job (main):  map 41% reduce 2%
2026-01-28 13:29:05,424 INFO org.apache.hadoop.mapreduce.Job (main):  map 42% reduce 2%
2026-01-28 13:29:06,427 INFO org.apache.hadoop.mapreduce.Job (main):  map 42% reduce 3%
2026-01-28 13:29:07,429 INFO org.apache.hadoop.mapreduce.Job (main):  map 43% reduce 3%
2026-01-28 13:29:10,436 INFO org.apache.hadoop.mapreduce.Job (main):  map 44% reduce 3%
2026-01-28 13:29:13,443 INFO org.apache.hadoop.mapreduce.Job (main):  map 45% reduce 3%
2026-01-28 13:29:23,483 INFO org.apache.hadoop.mapreduce.Job (main):  map 46% reduce 3%
2026-01-28 13:29:29,496 INFO org.apache.hadoop.mapreduce.Job (main):  map 47% reduce 3%
2026-01-28 13:29:39,521 INFO org.apache.hadoop.mapreduce.Job (main):  map 48% reduce 3%
2026-01-28 13:29:44,535 INFO org.apache.hadoop.mapreduce.Job (main):  map 48% reduce 4%
2026-01-28 13:29:45,539 INFO org.apache.hadoop.mapreduce.Job (main):  map 49% reduce 4%
2026-01-28 13:29:51,552 INFO org.apache.hadoop.mapreduce.Job (main):  map 50% reduce 4%
2026-01-28 13:30:02,577 INFO org.apache.hadoop.mapreduce.Job (main):  map 51% reduce 4%
2026-01-28 13:30:15,611 INFO org.apache.hadoop.mapreduce.Job (main):  map 52% reduce 4%
2026-01-28 13:30:18,617 INFO org.apache.hadoop.mapreduce.Job (main):  map 52% reduce 5%
2026-01-28 13:30:26,634 INFO org.apache.hadoop.mapreduce.Job (main):  map 53% reduce 5%
2026-01-28 13:30:33,647 INFO org.apache.hadoop.mapreduce.Job (main):  map 54% reduce 6%
2026-01-28 13:30:35,651 INFO org.apache.hadoop.mapreduce.Job (main):  map 55% reduce 6%
2026-01-28 13:30:42,668 INFO org.apache.hadoop.mapreduce.Job (main):  map 56% reduce 6%
2026-01-28 13:30:46,677 INFO org.apache.hadoop.mapreduce.Job (main):  map 56% reduce 7%
2026-01-28 13:30:47,680 INFO org.apache.hadoop.mapreduce.Job (main):  map 57% reduce 7%
2026-01-28 13:30:50,686 INFO org.apache.hadoop.mapreduce.Job (main):  map 58% reduce 7%
2026-01-28 13:30:53,692 INFO org.apache.hadoop.mapreduce.Job (main):  map 59% reduce 7%
2026-01-28 13:31:05,718 INFO org.apache.hadoop.mapreduce.Job (main):  map 60% reduce 7%
2026-01-28 13:31:07,722 INFO org.apache.hadoop.mapreduce.Job (main):  map 60% reduce 8%
2026-01-28 13:31:12,743 INFO org.apache.hadoop.mapreduce.Job (main):  map 60% reduce 9%
2026-01-28 13:31:14,746 INFO org.apache.hadoop.mapreduce.Job (main):  map 61% reduce 9%
2026-01-28 13:31:16,750 INFO org.apache.hadoop.mapreduce.Job (main):  map 62% reduce 9%
2026-01-28 13:31:20,760 INFO org.apache.hadoop.mapreduce.Job (main):  map 63% reduce 9%
2026-01-28 13:31:21,762 INFO org.apache.hadoop.mapreduce.Job (main):  map 64% reduce 9%
2026-01-28 13:31:23,766 INFO org.apache.hadoop.mapreduce.Job (main):  map 66% reduce 9%
2026-01-28 13:31:30,785 INFO org.apache.hadoop.mapreduce.Job (main):  map 67% reduce 9%
2026-01-28 13:31:36,796 INFO org.apache.hadoop.mapreduce.Job (main):  map 68% reduce 9%
2026-01-28 13:31:44,812 INFO org.apache.hadoop.mapreduce.Job (main):  map 69% reduce 9%
2026-01-28 13:31:48,820 INFO org.apache.hadoop.mapreduce.Job (main):  map 70% reduce 9%
2026-01-28 13:31:55,835 INFO org.apache.hadoop.mapreduce.Job (main):  map 71% reduce 9%
2026-01-28 13:32:09,874 INFO org.apache.hadoop.mapreduce.Job (main):  map 71% reduce 10%
2026-01-28 13:32:10,879 INFO org.apache.hadoop.mapreduce.Job (main):  map 72% reduce 10%
2026-01-28 13:32:33,926 INFO org.apache.hadoop.mapreduce.Job (main):  map 73% reduce 10%
2026-01-28 13:32:35,929 INFO org.apache.hadoop.mapreduce.Job (main):  map 74% reduce 10%
2026-01-28 13:32:36,931 INFO org.apache.hadoop.mapreduce.Job (main):  map 75% reduce 10%
2026-01-28 13:32:38,935 INFO org.apache.hadoop.mapreduce.Job (main):  map 76% reduce 10%
2026-01-28 13:32:43,946 INFO org.apache.hadoop.mapreduce.Job (main):  map 76% reduce 11%
2026-01-28 13:32:57,977 INFO org.apache.hadoop.mapreduce.Job (main):  map 77% reduce 11%
2026-01-28 13:33:02,987 INFO org.apache.hadoop.mapreduce.Job (main):  map 78% reduce 11%
2026-01-28 13:33:04,993 INFO org.apache.hadoop.mapreduce.Job (main):  map 79% reduce 11%
2026-01-28 13:33:14,024 INFO org.apache.hadoop.mapreduce.Job (main):  map 80% reduce 11%
2026-01-28 13:33:23,042 INFO org.apache.hadoop.mapreduce.Job (main):  map 81% reduce 11%
2026-01-28 13:33:26,048 INFO org.apache.hadoop.mapreduce.Job (main):  map 81% reduce 12%
2026-01-28 13:33:27,050 INFO org.apache.hadoop.mapreduce.Job (main):  map 82% reduce 12%
2026-01-28 13:33:33,061 INFO org.apache.hadoop.mapreduce.Job (main):  map 83% reduce 12%
2026-01-28 13:33:40,075 INFO org.apache.hadoop.mapreduce.Job (main):  map 84% reduce 12%
2026-01-28 13:33:45,083 INFO org.apache.hadoop.mapreduce.Job (main):  map 85% reduce 12%
2026-01-28 13:33:47,087 INFO org.apache.hadoop.mapreduce.Job (main):  map 85% reduce 13%
2026-01-28 13:33:49,092 INFO org.apache.hadoop.mapreduce.Job (main):  map 86% reduce 13%
2026-01-28 13:33:51,095 INFO org.apache.hadoop.mapreduce.Job (main):  map 87% reduce 13%
2026-01-28 13:33:54,101 INFO org.apache.hadoop.mapreduce.Job (main):  map 88% reduce 13%
2026-01-28 13:33:55,103 INFO org.apache.hadoop.mapreduce.Job (main):  map 89% reduce 13%
2026-01-28 13:33:57,107 INFO org.apache.hadoop.mapreduce.Job (main):  map 90% reduce 13%
2026-01-28 13:34:01,116 INFO org.apache.hadoop.mapreduce.Job (main):  map 91% reduce 13%
2026-01-28 13:34:03,120 INFO org.apache.hadoop.mapreduce.Job (main):  map 92% reduce 14%
2026-01-28 13:34:05,124 INFO org.apache.hadoop.mapreduce.Job (main):  map 93% reduce 14%
2026-01-28 13:34:08,129 INFO org.apache.hadoop.mapreduce.Job (main):  map 94% reduce 14%
2026-01-28 13:34:10,136 INFO org.apache.hadoop.mapreduce.Job (main):  map 95% reduce 14%
2026-01-28 13:34:13,142 INFO org.apache.hadoop.mapreduce.Job (main):  map 96% reduce 14%
2026-01-28 13:34:16,148 INFO org.apache.hadoop.mapreduce.Job (main):  map 97% reduce 14%
2026-01-28 13:34:19,154 INFO org.apache.hadoop.mapreduce.Job (main):  map 98% reduce 16%
2026-01-28 13:34:21,158 INFO org.apache.hadoop.mapreduce.Job (main):  map 99% reduce 16%
2026-01-28 13:34:22,159 INFO org.apache.hadoop.mapreduce.Job (main):  map 99% reduce 17%
2026-01-28 13:34:25,165 INFO org.apache.hadoop.mapreduce.Job (main):  map 99% reduce 19%
2026-01-28 13:34:27,168 INFO org.apache.hadoop.mapreduce.Job (main):  map 99% reduce 22%
2026-01-28 13:34:37,185 INFO org.apache.hadoop.mapreduce.Job (main):  map 99% reduce 26%
2026-01-28 13:34:41,193 INFO org.apache.hadoop.mapreduce.Job (main):  map 100% reduce 26%
2026-01-28 13:34:45,200 INFO org.apache.hadoop.mapreduce.Job (main):  map 100% reduce 29%
2026-01-28 13:34:56,220 INFO org.apache.hadoop.mapreduce.Job (main):  map 100% reduce 30%
2026-01-28 13:34:57,222 INFO org.apache.hadoop.mapreduce.Job (main):  map 100% reduce 31%
2026-01-28 13:34:58,224 INFO org.apache.hadoop.mapreduce.Job (main):  map 100% reduce 33%
2026-01-28 13:34:59,227 INFO org.apache.hadoop.mapreduce.Job (main):  map 100% reduce 34%
2026-01-28 13:35:02,232 INFO org.apache.hadoop.mapreduce.Job (main):  map 100% reduce 35%
2026-01-28 13:35:04,236 INFO org.apache.hadoop.mapreduce.Job (main):  map 100% reduce 36%
2026-01-28 13:35:07,243 INFO org.apache.hadoop.mapreduce.Job (main):  map 100% reduce 37%
2026-01-28 13:35:09,247 INFO org.apache.hadoop.mapreduce.Job (main):  map 100% reduce 40%
2026-01-28 13:35:10,256 INFO org.apache.hadoop.mapreduce.Job (main):  map 100% reduce 41%
2026-01-28 13:35:13,262 INFO org.apache.hadoop.mapreduce.Job (main):  map 100% reduce 42%
2026-01-28 13:35:15,266 INFO org.apache.hadoop.mapreduce.Job (main):  map 100% reduce 43%
2026-01-28 13:35:16,269 INFO org.apache.hadoop.mapreduce.Job (main):  map 100% reduce 44%
2026-01-28 13:35:19,284 INFO org.apache.hadoop.mapreduce.Job (main):  map 100% reduce 45%
2026-01-28 13:35:21,287 INFO org.apache.hadoop.mapreduce.Job (main):  map 100% reduce 46%
2026-01-28 13:35:22,290 INFO org.apache.hadoop.mapreduce.Job (main):  map 100% reduce 47%
2026-01-28 13:35:23,292 INFO org.apache.hadoop.mapreduce.Job (main):  map 100% reduce 48%
2026-01-28 13:35:26,297 INFO org.apache.hadoop.mapreduce.Job (main):  map 100% reduce 49%
2026-01-28 13:35:27,299 INFO org.apache.hadoop.mapreduce.Job (main):  map 100% reduce 50%
2026-01-28 13:35:29,303 INFO org.apache.hadoop.mapreduce.Job (main):  map 100% reduce 51%
2026-01-28 13:35:32,308 INFO org.apache.hadoop.mapreduce.Job (main):  map 100% reduce 52%
2026-01-28 13:35:33,310 INFO org.apache.hadoop.mapreduce.Job (main):  map 100% reduce 53%
2026-01-28 13:35:34,312 INFO org.apache.hadoop.mapreduce.Job (main):  map 100% reduce 54%
2026-01-28 13:35:37,323 INFO org.apache.hadoop.mapreduce.Job (main):  map 100% reduce 55%
2026-01-28 13:35:39,328 INFO org.apache.hadoop.mapreduce.Job (main):  map 100% reduce 56%
2026-01-28 13:35:40,330 INFO org.apache.hadoop.mapreduce.Job (main):  map 100% reduce 57%
2026-01-28 13:35:43,336 INFO org.apache.hadoop.mapreduce.Job (main):  map 100% reduce 58%
2026-01-28 13:35:45,340 INFO org.apache.hadoop.mapreduce.Job (main):  map 100% reduce 59%
2026-01-28 13:35:46,342 INFO org.apache.hadoop.mapreduce.Job (main):  map 100% reduce 60%
2026-01-28 13:35:49,349 INFO org.apache.hadoop.mapreduce.Job (main):  map 100% reduce 61%
2026-01-28 13:35:51,353 INFO org.apache.hadoop.mapreduce.Job (main):  map 100% reduce 63%
2026-01-28 13:35:53,358 INFO org.apache.hadoop.mapreduce.Job (main):  map 100% reduce 64%
2026-01-28 13:35:56,369 INFO org.apache.hadoop.mapreduce.Job (main):  map 100% reduce 65%
2026-01-28 13:35:57,371 INFO org.apache.hadoop.mapreduce.Job (main):  map 100% reduce 66%
2026-01-28 13:35:59,375 INFO org.apache.hadoop.mapreduce.Job (main):  map 100% reduce 67%
2026-01-28 13:36:02,381 INFO org.apache.hadoop.mapreduce.Job (main):  map 100% reduce 68%
2026-01-28 13:36:03,383 INFO org.apache.hadoop.mapreduce.Job (main):  map 100% reduce 69%
2026-01-28 13:36:04,385 INFO org.apache.hadoop.mapreduce.Job (main):  map 100% reduce 70%
2026-01-28 13:36:08,393 INFO org.apache.hadoop.mapreduce.Job (main):  map 100% reduce 71%
2026-01-28 13:36:09,395 INFO org.apache.hadoop.mapreduce.Job (main):  map 100% reduce 72%
2026-01-28 13:36:10,397 INFO org.apache.hadoop.mapreduce.Job (main):  map 100% reduce 73%
2026-01-28 13:36:14,405 INFO org.apache.hadoop.mapreduce.Job (main):  map 100% reduce 74%
2026-01-28 13:36:15,407 INFO org.apache.hadoop.mapreduce.Job (main):  map 100% reduce 75%
2026-01-28 13:36:16,408 INFO org.apache.hadoop.mapreduce.Job (main):  map 100% reduce 76%
2026-01-28 13:36:20,416 INFO org.apache.hadoop.mapreduce.Job (main):  map 100% reduce 77%
2026-01-28 13:36:21,421 INFO org.apache.hadoop.mapreduce.Job (main):  map 100% reduce 78%
2026-01-28 13:36:22,423 INFO org.apache.hadoop.mapreduce.Job (main):  map 100% reduce 79%
2026-01-28 13:36:26,431 INFO org.apache.hadoop.mapreduce.Job (main):  map 100% reduce 80%
2026-01-28 13:36:27,433 INFO org.apache.hadoop.mapreduce.Job (main):  map 100% reduce 81%
2026-01-28 13:36:32,441 INFO org.apache.hadoop.mapreduce.Job (main):  map 100% reduce 82%
2026-01-28 13:36:33,443 INFO org.apache.hadoop.mapreduce.Job (main):  map 100% reduce 83%
2026-01-28 13:36:38,452 INFO org.apache.hadoop.mapreduce.Job (main):  map 100% reduce 84%
2026-01-28 13:36:39,457 INFO org.apache.hadoop.mapreduce.Job (main):  map 100% reduce 86%
2026-01-28 13:36:44,466 INFO org.apache.hadoop.mapreduce.Job (main):  map 100% reduce 87%
2026-01-28 13:36:45,468 INFO org.apache.hadoop.mapreduce.Job (main):  map 100% reduce 88%
2026-01-28 13:36:48,473 INFO org.apache.hadoop.mapreduce.Job (main):  map 100% reduce 89%
2026-01-28 13:36:50,480 INFO org.apache.hadoop.mapreduce.Job (main):  map 100% reduce 90%
2026-01-28 13:36:52,483 INFO org.apache.hadoop.mapreduce.Job (main):  map 100% reduce 91%
2026-01-28 13:36:56,490 INFO org.apache.hadoop.mapreduce.Job (main):  map 100% reduce 92%
2026-01-28 13:36:57,492 INFO org.apache.hadoop.mapreduce.Job (main):  map 100% reduce 93%
2026-01-28 13:36:58,494 INFO org.apache.hadoop.mapreduce.Job (main):  map 100% reduce 94%
2026-01-28 13:37:03,510 INFO org.apache.hadoop.mapreduce.Job (main):  map 100% reduce 95%
2026-01-28 13:37:04,513 INFO org.apache.hadoop.mapreduce.Job (main):  map 100% reduce 96%
2026-01-28 13:37:08,524 INFO org.apache.hadoop.mapreduce.Job (main):  map 100% reduce 97%
2026-01-28 13:37:10,535 INFO org.apache.hadoop.mapreduce.Job (main):  map 100% reduce 98%
2026-01-28 13:37:15,557 INFO org.apache.hadoop.mapreduce.Job (main):  map 100% reduce 99%
2026-01-28 13:37:22,570 INFO org.apache.hadoop.mapreduce.Job (main):  map 100% reduce 100%
2026-01-28 13:37:25,580 INFO org.apache.hadoop.mapreduce.Job (main): Job job_1769604497189_0002 completed successfully
2026-01-28 13:37:25,628 INFO org.apache.hadoop.mapreduce.Job (main): Counters: 102
	File System Counters
		FILE: Number of bytes read=2298093209
		FILE: Number of bytes written=5211735658
		FILE: Number of read operations=0
		FILE: Number of large read operations=0
		FILE: Number of write operations=0
		HDFS: Number of bytes read=15225
		HDFS: Number of bytes written=0
		HDFS: Number of read operations=105
		HDFS: Number of large read operations=0
		HDFS: Number of write operations=0
		S3: Number of bytes read=6255989049
		S3: Number of bytes written=7593121261
		S3: Number of read operations=0
		S3: Number of large read operations=0
		S3: Number of write operations=0
	Job Counters 
		Killed map tasks=2
		Launched map tasks=106
		Launched reduce tasks=15
		Data-local map tasks=106
		Total time spent by all maps in occupied slots (ms)=16732904448
		Total time spent by all reduces in occupied slots (ms)=14121805824
		Total time spent by all map tasks (ms)=10893818
		Total time spent by all reduce tasks (ms)=4596942
		Total vcore-milliseconds taken by all map tasks=10893818
		Total vcore-milliseconds taken by all reduce tasks=4596942
		Total megabyte-milliseconds taken by all map tasks=16732904448
		Total megabyte-milliseconds taken by all reduce tasks=14121805824
	Map-Reduce Framework
		Map input records=165800047
		Map output records=331600094
		Map output bytes=8791644506
		Map output materialized bytes=2886923044
		Input split bytes=15225
		Combine input records=0
		Combine output records=0
		Reduce input groups=170828818
		Reduce shuffle bytes=2886923044
		Reduce input records=331600094
		Reduce output records=165800047
		Spilled Records=663200188
		Shuffled Maps =1575
		Failed Shuffles=0
		Merged Map outputs=1575
		GC time elapsed (ms)=169689
		CPU time spent (ms)=7054410
		Physical memory (bytes) snapshot=134486917120
		Virtual memory (bytes) snapshot=508700200960
		Total committed heap usage (bytes)=122362003456
	Decade_N
		N_1540=3265
		N_1550=2869
		N_1560=6904
		N_1570=1131
		N_1580=6815
		N_1590=36256
		N_1600=38147
		N_1610=14420
		N_1620=15576
		N_1630=44824
		N_1640=96645
		N_1650=239691
		N_1660=182561
		N_1670=365318
		N_1680=400049
		N_1690=315415
		N_1700=1256771
		N_1710=1765036
		N_1720=2335422
		N_1730=2708926
		N_1740=3485143
		N_1750=5981128
		N_1760=7483398
		N_1770=8161611
		N_1780=10113249
		N_1790=16015728
		N_1800=36786841
		N_1810=50629554
		N_1820=79769066
		N_1830=91634175
		N_1840=106997623
		N_1850=131882536
		N_1860=121839393
		N_1870=154085023
		N_1880=182244059
		N_1890=205649958
		N_1900=229583275
		N_1910=100230527
		N_1920=143725107
		N_1930=126436874
		N_1940=96022732
		N_1950=170534883
		N_1960=216770129
		N_1970=226881300
		N_1980=282690071
		N_1990=390068564
		N_2000=747281864
	Shuffle Errors
		BAD_ID=0
		CONNECTION=0
		IO_ERROR=0
		WRONG_LENGTH=0
		WRONG_MAP=0
		WRONG_REDUCE=0
	File Input Format Counters 
		Bytes Read=6255989049
	File Output Format Counters 
		Bytes Written=7593121261
2026-01-28 13:37:25,691 INFO org.apache.hadoop.yarn.client.RMProxy (main): Connecting to ResourceManager at ip-172-31-64-89.ec2.internal/172.31.64.89:8032
2026-01-28 13:37:25,692 INFO org.apache.hadoop.yarn.client.AHSProxy (main): Connecting to Application History server at ip-172-31-64-89.ec2.internal/172.31.64.89:10200
2026-01-28 13:37:29,976 INFO org.apache.hadoop.mapreduce.lib.input.FileInputFormat (main): Total input files to process : 15
2026-01-28 13:37:30,059 INFO org.apache.hadoop.mapreduce.JobSubmitter (main): number of splits:120
2026-01-28 13:37:30,097 INFO org.apache.hadoop.mapreduce.JobSubmitter (main): Submitting tokens for job: job_1769604497189_0003
2026-01-28 13:37:30,118 INFO org.apache.hadoop.yarn.client.api.impl.YarnClientImpl (main): Submitted application application_1769604497189_0003
2026-01-28 13:37:30,121 INFO org.apache.hadoop.mapreduce.Job (main): The url to track the job: http://ip-172-31-64-89.ec2.internal:20888/proxy/application_1769604497189_0003/
2026-01-28 13:37:30,121 INFO org.apache.hadoop.mapreduce.Job (main): Running job: job_1769604497189_0003
2026-01-28 13:37:45,240 INFO org.apache.hadoop.mapreduce.Job (main): Job job_1769604497189_0003 running in uber mode : false
2026-01-28 13:37:45,240 INFO org.apache.hadoop.mapreduce.Job (main):  map 0% reduce 0%
2026-01-28 13:38:13,402 INFO org.apache.hadoop.mapreduce.Job (main):  map 1% reduce 0%
2026-01-28 13:38:25,481 INFO org.apache.hadoop.mapreduce.Job (main):  map 2% reduce 0%
2026-01-28 13:38:26,488 INFO org.apache.hadoop.mapreduce.Job (main):  map 3% reduce 0%
2026-01-28 13:38:29,501 INFO org.apache.hadoop.mapreduce.Job (main):  map 5% reduce 0%
2026-01-28 13:38:31,510 INFO org.apache.hadoop.mapreduce.Job (main):  map 6% reduce 0%
2026-01-28 13:38:32,514 INFO org.apache.hadoop.mapreduce.Job (main):  map 7% reduce 0%
2026-01-28 13:38:34,519 INFO org.apache.hadoop.mapreduce.Job (main):  map 8% reduce 0%
2026-01-28 13:38:35,522 INFO org.apache.hadoop.mapreduce.Job (main):  map 11% reduce 0%
2026-01-28 13:38:37,529 INFO org.apache.hadoop.mapreduce.Job (main):  map 14% reduce 0%
2026-01-28 13:38:41,541 INFO org.apache.hadoop.mapreduce.Job (main):  map 15% reduce 0%
2026-01-28 13:38:42,544 INFO org.apache.hadoop.mapreduce.Job (main):  map 16% reduce 0%
2026-01-28 13:38:43,547 INFO org.apache.hadoop.mapreduce.Job (main):  map 17% reduce 0%
2026-01-28 13:39:16,725 INFO org.apache.hadoop.mapreduce.Job (main):  map 18% reduce 0%
2026-01-28 13:39:19,739 INFO org.apache.hadoop.mapreduce.Job (main):  map 19% reduce 0%
2026-01-28 13:39:44,836 INFO org.apache.hadoop.mapreduce.Job (main):  map 20% reduce 0%
2026-01-28 13:39:48,849 INFO org.apache.hadoop.mapreduce.Job (main):  map 21% reduce 0%
2026-01-28 13:39:51,858 INFO org.apache.hadoop.mapreduce.Job (main):  map 22% reduce 0%
2026-01-28 13:39:52,861 INFO org.apache.hadoop.mapreduce.Job (main):  map 23% reduce 0%
2026-01-28 13:39:53,866 INFO org.apache.hadoop.mapreduce.Job (main):  map 24% reduce 0%
2026-01-28 13:39:57,877 INFO org.apache.hadoop.mapreduce.Job (main):  map 25% reduce 0%
2026-01-28 13:40:00,886 INFO org.apache.hadoop.mapreduce.Job (main):  map 26% reduce 0%
2026-01-28 13:40:07,904 INFO org.apache.hadoop.mapreduce.Job (main):  map 28% reduce 0%
2026-01-28 13:40:10,912 INFO org.apache.hadoop.mapreduce.Job (main):  map 28% reduce 1%
2026-01-28 13:40:15,923 INFO org.apache.hadoop.mapreduce.Job (main):  map 29% reduce 1%
2026-01-28 13:40:22,938 INFO org.apache.hadoop.mapreduce.Job (main):  map 30% reduce 1%
2026-01-28 13:40:23,940 INFO org.apache.hadoop.mapreduce.Job (main):  map 31% reduce 1%
2026-01-28 13:40:28,953 INFO org.apache.hadoop.mapreduce.Job (main):  map 32% reduce 1%
2026-01-28 13:40:29,956 INFO org.apache.hadoop.mapreduce.Job (main):  map 33% reduce 1%
2026-01-28 13:40:32,962 INFO org.apache.hadoop.mapreduce.Job (main):  map 34% reduce 1%
2026-01-28 13:40:36,972 INFO org.apache.hadoop.mapreduce.Job (main):  map 35% reduce 2%
2026-01-28 13:40:37,974 INFO org.apache.hadoop.mapreduce.Job (main):  map 36% reduce 2%
2026-01-28 13:40:42,993 INFO org.apache.hadoop.mapreduce.Job (main):  map 37% reduce 2%
2026-01-28 13:40:54,020 INFO org.apache.hadoop.mapreduce.Job (main):  map 38% reduce 2%
2026-01-28 13:40:58,030 INFO org.apache.hadoop.mapreduce.Job (main):  map 39% reduce 2%
2026-01-28 13:41:00,035 INFO org.apache.hadoop.mapreduce.Job (main):  map 40% reduce 2%
2026-01-28 13:41:04,043 INFO org.apache.hadoop.mapreduce.Job (main):  map 41% reduce 2%
2026-01-28 13:41:07,049 INFO org.apache.hadoop.mapreduce.Job (main):  map 42% reduce 2%
2026-01-28 13:41:19,084 INFO org.apache.hadoop.mapreduce.Job (main):  map 42% reduce 3%
2026-01-28 13:41:24,100 INFO org.apache.hadoop.mapreduce.Job (main):  map 43% reduce 3%
2026-01-28 13:41:28,108 INFO org.apache.hadoop.mapreduce.Job (main):  map 44% reduce 3%
2026-01-28 13:41:32,116 INFO org.apache.hadoop.mapreduce.Job (main):  map 45% reduce 3%
2026-01-28 13:41:38,128 INFO org.apache.hadoop.mapreduce.Job (main):  map 46% reduce 3%
2026-01-28 13:41:45,148 INFO org.apache.hadoop.mapreduce.Job (main):  map 47% reduce 3%
2026-01-28 13:41:58,177 INFO org.apache.hadoop.mapreduce.Job (main):  map 48% reduce 3%
2026-01-28 13:42:01,183 INFO org.apache.hadoop.mapreduce.Job (main):  map 48% reduce 4%
2026-01-28 13:42:03,192 INFO org.apache.hadoop.mapreduce.Job (main):  map 49% reduce 4%
2026-01-28 13:42:05,197 INFO org.apache.hadoop.mapreduce.Job (main):  map 50% reduce 4%
2026-01-28 13:42:11,212 INFO org.apache.hadoop.mapreduce.Job (main):  map 50% reduce 5%
2026-01-28 13:42:13,215 INFO org.apache.hadoop.mapreduce.Job (main):  map 52% reduce 5%
2026-01-28 13:42:17,224 INFO org.apache.hadoop.mapreduce.Job (main):  map 53% reduce 5%
2026-01-28 13:42:22,237 INFO org.apache.hadoop.mapreduce.Job (main):  map 53% reduce 6%
2026-01-28 13:42:26,244 INFO org.apache.hadoop.mapreduce.Job (main):  map 54% reduce 7%
2026-01-28 13:42:31,254 INFO org.apache.hadoop.mapreduce.Job (main):  map 55% reduce 7%
2026-01-28 13:42:39,270 INFO org.apache.hadoop.mapreduce.Job (main):  map 56% reduce 7%
2026-01-28 13:42:45,282 INFO org.apache.hadoop.mapreduce.Job (main):  map 57% reduce 7%
2026-01-28 13:42:47,287 INFO org.apache.hadoop.mapreduce.Job (main):  map 58% reduce 7%
2026-01-28 13:42:51,295 INFO org.apache.hadoop.mapreduce.Job (main):  map 59% reduce 7%
2026-01-28 13:42:52,297 INFO org.apache.hadoop.mapreduce.Job (main):  map 59% reduce 8%
2026-01-28 13:42:53,299 INFO org.apache.hadoop.mapreduce.Job (main):  map 59% reduce 9%
2026-01-28 13:42:55,303 INFO org.apache.hadoop.mapreduce.Job (main):  map 60% reduce 9%
2026-01-28 13:42:57,306 INFO org.apache.hadoop.mapreduce.Job (main):  map 61% reduce 9%
2026-01-28 13:43:01,314 INFO org.apache.hadoop.mapreduce.Job (main):  map 62% reduce 9%
2026-01-28 13:43:10,345 INFO org.apache.hadoop.mapreduce.Job (main):  map 63% reduce 9%
2026-01-28 13:43:14,359 INFO org.apache.hadoop.mapreduce.Job (main):  map 64% reduce 9%
2026-01-28 13:43:17,367 INFO org.apache.hadoop.mapreduce.Job (main):  map 65% reduce 9%
2026-01-28 13:43:34,398 INFO org.apache.hadoop.mapreduce.Job (main):  map 66% reduce 9%
2026-01-28 13:43:38,406 INFO org.apache.hadoop.mapreduce.Job (main):  map 67% reduce 9%
2026-01-28 13:43:43,424 INFO org.apache.hadoop.mapreduce.Job (main):  map 68% reduce 9%
2026-01-28 13:43:50,437 INFO org.apache.hadoop.mapreduce.Job (main):  map 68% reduce 10%
2026-01-28 13:43:59,453 INFO org.apache.hadoop.mapreduce.Job (main):  map 69% reduce 10%
2026-01-28 13:44:06,467 INFO org.apache.hadoop.mapreduce.Job (main):  map 70% reduce 10%
2026-01-28 13:44:08,471 INFO org.apache.hadoop.mapreduce.Job (main):  map 71% reduce 10%
2026-01-28 13:44:11,483 INFO org.apache.hadoop.mapreduce.Job (main):  map 72% reduce 10%
2026-01-28 13:44:13,486 INFO org.apache.hadoop.mapreduce.Job (main):  map 73% reduce 10%
2026-01-28 13:44:17,496 INFO org.apache.hadoop.mapreduce.Job (main):  map 74% reduce 10%
2026-01-28 13:44:20,501 INFO org.apache.hadoop.mapreduce.Job (main):  map 74% reduce 11%
2026-01-28 13:44:30,523 INFO org.apache.hadoop.mapreduce.Job (main):  map 75% reduce 11%
2026-01-28 13:44:39,539 INFO org.apache.hadoop.mapreduce.Job (main):  map 76% reduce 11%
2026-01-28 13:44:45,552 INFO org.apache.hadoop.mapreduce.Job (main):  map 77% reduce 11%
2026-01-28 13:44:47,556 INFO org.apache.hadoop.mapreduce.Job (main):  map 77% reduce 12%
2026-01-28 13:44:50,561 INFO org.apache.hadoop.mapreduce.Job (main):  map 78% reduce 12%
2026-01-28 13:44:56,575 INFO org.apache.hadoop.mapreduce.Job (main):  map 79% reduce 12%
2026-01-28 13:44:59,581 INFO org.apache.hadoop.mapreduce.Job (main):  map 80% reduce 12%
2026-01-28 13:45:01,584 INFO org.apache.hadoop.mapreduce.Job (main):  map 81% reduce 12%
2026-01-28 13:45:03,588 INFO org.apache.hadoop.mapreduce.Job (main):  map 82% reduce 12%
2026-01-28 13:45:07,596 INFO org.apache.hadoop.mapreduce.Job (main):  map 83% reduce 12%
2026-01-28 13:45:15,610 INFO org.apache.hadoop.mapreduce.Job (main):  map 84% reduce 12%
2026-01-28 13:45:17,614 INFO org.apache.hadoop.mapreduce.Job (main):  map 85% reduce 12%
2026-01-28 13:45:25,628 INFO org.apache.hadoop.mapreduce.Job (main):  map 86% reduce 12%
2026-01-28 13:45:31,645 INFO org.apache.hadoop.mapreduce.Job (main):  map 87% reduce 12%
2026-01-28 13:45:39,660 INFO org.apache.hadoop.mapreduce.Job (main):  map 88% reduce 12%
2026-01-28 13:45:40,662 INFO org.apache.hadoop.mapreduce.Job (main):  map 88% reduce 13%
2026-01-28 13:45:50,683 INFO org.apache.hadoop.mapreduce.Job (main):  map 89% reduce 13%
2026-01-28 13:45:53,689 INFO org.apache.hadoop.mapreduce.Job (main):  map 90% reduce 13%
2026-01-28 13:46:01,704 INFO org.apache.hadoop.mapreduce.Job (main):  map 91% reduce 13%
2026-01-28 13:46:03,708 INFO org.apache.hadoop.mapreduce.Job (main):  map 92% reduce 13%
2026-01-28 13:46:05,712 INFO org.apache.hadoop.mapreduce.Job (main):  map 93% reduce 13%
2026-01-28 13:46:14,728 INFO org.apache.hadoop.mapreduce.Job (main):  map 94% reduce 13%
2026-01-28 13:46:16,732 INFO org.apache.hadoop.mapreduce.Job (main):  map 94% reduce 14%
2026-01-28 13:46:17,734 INFO org.apache.hadoop.mapreduce.Job (main):  map 95% reduce 14%
2026-01-28 13:46:24,747 INFO org.apache.hadoop.mapreduce.Job (main):  map 96% reduce 14%
2026-01-28 13:46:26,751 INFO org.apache.hadoop.mapreduce.Job (main):  map 97% reduce 14%
2026-01-28 13:46:28,754 INFO org.apache.hadoop.mapreduce.Job (main):  map 98% reduce 15%
2026-01-28 13:46:30,758 INFO org.apache.hadoop.mapreduce.Job (main):  map 99% reduce 15%
2026-01-28 13:46:31,760 INFO org.apache.hadoop.mapreduce.Job (main):  map 99% reduce 17%
2026-01-28 13:46:36,771 INFO org.apache.hadoop.mapreduce.Job (main):  map 99% reduce 20%
2026-01-28 13:46:39,778 INFO org.apache.hadoop.mapreduce.Job (main):  map 99% reduce 22%
2026-01-28 13:46:40,780 INFO org.apache.hadoop.mapreduce.Job (main):  map 100% reduce 24%
2026-01-28 13:46:44,801 INFO org.apache.hadoop.mapreduce.Job (main):  map 100% reduce 27%
2026-01-28 13:46:47,807 INFO org.apache.hadoop.mapreduce.Job (main):  map 100% reduce 28%
2026-01-28 13:46:48,809 INFO org.apache.hadoop.mapreduce.Job (main):  map 100% reduce 30%
2026-01-28 13:46:49,811 INFO org.apache.hadoop.mapreduce.Job (main):  map 100% reduce 31%
2026-01-28 13:46:52,818 INFO org.apache.hadoop.mapreduce.Job (main):  map 100% reduce 32%
2026-01-28 13:46:54,824 INFO org.apache.hadoop.mapreduce.Job (main):  map 100% reduce 33%
2026-01-28 13:46:57,830 INFO org.apache.hadoop.mapreduce.Job (main):  map 100% reduce 34%
2026-01-28 13:46:58,832 INFO org.apache.hadoop.mapreduce.Job (main):  map 100% reduce 36%
2026-01-28 13:46:59,834 INFO org.apache.hadoop.mapreduce.Job (main):  map 100% reduce 39%
2026-01-28 13:47:00,841 INFO org.apache.hadoop.mapreduce.Job (main):  map 100% reduce 40%
2026-01-28 13:47:02,845 INFO org.apache.hadoop.mapreduce.Job (main):  map 100% reduce 41%
2026-01-28 13:47:04,849 INFO org.apache.hadoop.mapreduce.Job (main):  map 100% reduce 42%
2026-01-28 13:47:06,854 INFO org.apache.hadoop.mapreduce.Job (main):  map 100% reduce 43%
2026-01-28 13:47:08,858 INFO org.apache.hadoop.mapreduce.Job (main):  map 100% reduce 44%
2026-01-28 13:47:10,862 INFO org.apache.hadoop.mapreduce.Job (main):  map 100% reduce 45%
2026-01-28 13:47:12,866 INFO org.apache.hadoop.mapreduce.Job (main):  map 100% reduce 46%
2026-01-28 13:47:14,870 INFO org.apache.hadoop.mapreduce.Job (main):  map 100% reduce 47%
2026-01-28 13:47:16,876 INFO org.apache.hadoop.mapreduce.Job (main):  map 100% reduce 48%
2026-01-28 13:47:18,880 INFO org.apache.hadoop.mapreduce.Job (main):  map 100% reduce 49%
2026-01-28 13:47:20,884 INFO org.apache.hadoop.mapreduce.Job (main):  map 100% reduce 50%
2026-01-28 13:47:23,890 INFO org.apache.hadoop.mapreduce.Job (main):  map 100% reduce 51%
2026-01-28 13:47:24,892 INFO org.apache.hadoop.mapreduce.Job (main):  map 100% reduce 52%
2026-01-28 13:47:26,896 INFO org.apache.hadoop.mapreduce.Job (main):  map 100% reduce 53%
2026-01-28 13:47:29,902 INFO org.apache.hadoop.mapreduce.Job (main):  map 100% reduce 54%
2026-01-28 13:47:30,904 INFO org.apache.hadoop.mapreduce.Job (main):  map 100% reduce 55%
2026-01-28 13:47:32,911 INFO org.apache.hadoop.mapreduce.Job (main):  map 100% reduce 56%
2026-01-28 13:47:35,917 INFO org.apache.hadoop.mapreduce.Job (main):  map 100% reduce 57%
2026-01-28 13:47:36,919 INFO org.apache.hadoop.mapreduce.Job (main):  map 100% reduce 58%
2026-01-28 13:47:38,928 INFO org.apache.hadoop.mapreduce.Job (main):  map 100% reduce 59%
2026-01-28 13:47:41,934 INFO org.apache.hadoop.mapreduce.Job (main):  map 100% reduce 60%
2026-01-28 13:47:42,936 INFO org.apache.hadoop.mapreduce.Job (main):  map 100% reduce 61%
2026-01-28 13:47:44,940 INFO org.apache.hadoop.mapreduce.Job (main):  map 100% reduce 62%
2026-01-28 13:47:46,943 INFO org.apache.hadoop.mapreduce.Job (main):  map 100% reduce 63%
2026-01-28 13:47:48,947 INFO org.apache.hadoop.mapreduce.Job (main):  map 100% reduce 64%
2026-01-28 13:47:50,954 INFO org.apache.hadoop.mapreduce.Job (main):  map 100% reduce 65%
2026-01-28 13:47:52,958 INFO org.apache.hadoop.mapreduce.Job (main):  map 100% reduce 66%
2026-01-28 13:47:54,962 INFO org.apache.hadoop.mapreduce.Job (main):  map 100% reduce 67%
2026-01-28 13:47:56,966 INFO org.apache.hadoop.mapreduce.Job (main):  map 100% reduce 68%
2026-01-28 13:47:58,970 INFO org.apache.hadoop.mapreduce.Job (main):  map 100% reduce 69%
2026-01-28 13:48:00,974 INFO org.apache.hadoop.mapreduce.Job (main):  map 100% reduce 70%
2026-01-28 13:48:02,978 INFO org.apache.hadoop.mapreduce.Job (main):  map 100% reduce 71%
2026-01-28 13:48:04,982 INFO org.apache.hadoop.mapreduce.Job (main):  map 100% reduce 72%
2026-01-28 13:48:06,985 INFO org.apache.hadoop.mapreduce.Job (main):  map 100% reduce 73%
2026-01-28 13:48:08,989 INFO org.apache.hadoop.mapreduce.Job (main):  map 100% reduce 74%
2026-01-28 13:48:11,011 INFO org.apache.hadoop.mapreduce.Job (main):  map 100% reduce 75%
2026-01-28 13:48:13,015 INFO org.apache.hadoop.mapreduce.Job (main):  map 100% reduce 76%
2026-01-28 13:48:15,019 INFO org.apache.hadoop.mapreduce.Job (main):  map 100% reduce 77%
2026-01-28 13:48:17,022 INFO org.apache.hadoop.mapreduce.Job (main):  map 100% reduce 78%
2026-01-28 13:48:19,026 INFO org.apache.hadoop.mapreduce.Job (main):  map 100% reduce 79%
2026-01-28 13:48:22,031 INFO org.apache.hadoop.mapreduce.Job (main):  map 100% reduce 80%
2026-01-28 13:48:24,034 INFO org.apache.hadoop.mapreduce.Job (main):  map 100% reduce 81%
2026-01-28 13:48:25,036 INFO org.apache.hadoop.mapreduce.Job (main):  map 100% reduce 82%
2026-01-28 13:48:30,046 INFO org.apache.hadoop.mapreduce.Job (main):  map 100% reduce 83%
2026-01-28 13:48:32,049 INFO org.apache.hadoop.mapreduce.Job (main):  map 100% reduce 84%
2026-01-28 13:48:36,056 INFO org.apache.hadoop.mapreduce.Job (main):  map 100% reduce 85%
2026-01-28 13:48:37,058 INFO org.apache.hadoop.mapreduce.Job (main):  map 100% reduce 86%
2026-01-28 13:48:40,064 INFO org.apache.hadoop.mapreduce.Job (main):  map 100% reduce 87%
2026-01-28 13:48:42,071 INFO org.apache.hadoop.mapreduce.Job (main):  map 100% reduce 88%
2026-01-28 13:48:45,077 INFO org.apache.hadoop.mapreduce.Job (main):  map 100% reduce 89%
2026-01-28 13:48:48,081 INFO org.apache.hadoop.mapreduce.Job (main):  map 100% reduce 90%
2026-01-28 13:48:49,083 INFO org.apache.hadoop.mapreduce.Job (main):  map 100% reduce 91%
2026-01-28 13:48:53,090 INFO org.apache.hadoop.mapreduce.Job (main):  map 100% reduce 92%
2026-01-28 13:48:54,092 INFO org.apache.hadoop.mapreduce.Job (main):  map 100% reduce 93%
2026-01-28 13:48:58,099 INFO org.apache.hadoop.mapreduce.Job (main):  map 100% reduce 94%
2026-01-28 13:49:00,102 INFO org.apache.hadoop.mapreduce.Job (main):  map 100% reduce 95%
2026-01-28 13:49:02,105 INFO org.apache.hadoop.mapreduce.Job (main):  map 100% reduce 96%
2026-01-28 13:49:06,113 INFO org.apache.hadoop.mapreduce.Job (main):  map 100% reduce 97%
2026-01-28 13:49:10,120 INFO org.apache.hadoop.mapreduce.Job (main):  map 100% reduce 98%
2026-01-28 13:49:14,128 INFO org.apache.hadoop.mapreduce.Job (main):  map 100% reduce 99%
2026-01-28 13:49:24,146 INFO org.apache.hadoop.mapreduce.Job (main):  map 100% reduce 100%
2026-01-28 13:49:31,161 INFO org.apache.hadoop.mapreduce.Job (main): Job job_1769604497189_0003 completed successfully
2026-01-28 13:49:31,189 INFO org.apache.hadoop.mapreduce.Job (main): Counters: 55
	File System Counters
		FILE: Number of bytes read=3760573711
		FILE: Number of bytes written=7645264454
		FILE: Number of read operations=0
		FILE: Number of large read operations=0
		FILE: Number of write operations=0
		HDFS: Number of bytes read=17400
		HDFS: Number of bytes written=0
		HDFS: Number of read operations=120
		HDFS: Number of large read operations=0
		HDFS: Number of write operations=0
		S3: Number of bytes read=7595916046
		S3: Number of bytes written=6253724055
		S3: Number of read operations=0
		S3: Number of large read operations=0
		S3: Number of write operations=0
	Job Counters 
		Killed map tasks=2
		Launched map tasks=120
		Launched reduce tasks=15
		Data-local map tasks=120
		Total time spent by all maps in occupied slots (ms)=16678643712
		Total time spent by all reduces in occupied slots (ms)=13997156352
		Total time spent by all map tasks (ms)=10858492
		Total time spent by all reduce tasks (ms)=4556366
		Total vcore-milliseconds taken by all map tasks=10858492
		Total vcore-milliseconds taken by all reduce tasks=4556366
		Total megabyte-milliseconds taken by all map tasks=16678643712
		Total megabyte-milliseconds taken by all reduce tasks=13997156352
	Map-Reduce Framework
		Map input records=165800047
		Map output records=331600094
		Map output bytes=11443440764
		Map output materialized bytes=3853740089
		Input split bytes=17400
		Combine input records=0
		Combine output records=0
		Reduce input groups=171900150
		Reduce shuffle bytes=3853740089
		Reduce input records=331600094
		Reduce output records=165800047
		Spilled Records=663200188
		Shuffled Maps =1800
		Failed Shuffles=0
		Merged Map outputs=1800
		GC time elapsed (ms)=189500
		CPU time spent (ms)=6892790
		Physical memory (bytes) snapshot=154226495488
		Virtual memory (bytes) snapshot=572352876544
		Total committed heap usage (bytes)=141696696320
	Shuffle Errors
		BAD_ID=0
		CONNECTION=0
		IO_ERROR=0
		WRONG_LENGTH=0
		WRONG_MAP=0
		WRONG_REDUCE=0
	File Input Format Counters 
		Bytes Read=7595916046
	File Output Format Counters 
		Bytes Written=6253724055
2026-01-28 13:49:31,214 INFO org.apache.hadoop.yarn.client.RMProxy (main): Connecting to ResourceManager at ip-172-31-64-89.ec2.internal/172.31.64.89:8032
2026-01-28 13:49:31,215 INFO org.apache.hadoop.yarn.client.AHSProxy (main): Connecting to Application History server at ip-172-31-64-89.ec2.internal/172.31.64.89:10200
2026-01-28 13:49:35,526 INFO org.apache.hadoop.mapreduce.lib.input.FileInputFormat (main): Total input files to process : 15
2026-01-28 13:49:35,601 INFO org.apache.hadoop.mapreduce.JobSubmitter (main): number of splits:104
2026-01-28 13:49:35,638 INFO org.apache.hadoop.mapreduce.JobSubmitter (main): Submitting tokens for job: job_1769604497189_0004
2026-01-28 13:49:35,658 INFO org.apache.hadoop.yarn.client.api.impl.YarnClientImpl (main): Submitted application application_1769604497189_0004
2026-01-28 13:49:35,665 INFO org.apache.hadoop.mapreduce.Job (main): The url to track the job: http://ip-172-31-64-89.ec2.internal:20888/proxy/application_1769604497189_0004/
2026-01-28 13:49:35,665 INFO org.apache.hadoop.mapreduce.Job (main): Running job: job_1769604497189_0004
2026-01-28 13:49:47,021 INFO org.apache.hadoop.mapreduce.Job (main): Job job_1769604497189_0004 running in uber mode : false
2026-01-28 13:49:47,021 INFO org.apache.hadoop.mapreduce.Job (main):  map 0% reduce 0%
2026-01-28 13:50:13,231 INFO org.apache.hadoop.mapreduce.Job (main):  map 1% reduce 0%
2026-01-28 13:50:18,320 INFO org.apache.hadoop.mapreduce.Job (main):  map 2% reduce 0%
2026-01-28 13:50:26,366 INFO org.apache.hadoop.mapreduce.Job (main):  map 3% reduce 0%
2026-01-28 13:50:31,387 INFO org.apache.hadoop.mapreduce.Job (main):  map 4% reduce 0%
2026-01-28 13:50:32,391 INFO org.apache.hadoop.mapreduce.Job (main):  map 5% reduce 0%
2026-01-28 13:50:33,396 INFO org.apache.hadoop.mapreduce.Job (main):  map 8% reduce 0%
2026-01-28 13:50:36,408 INFO org.apache.hadoop.mapreduce.Job (main):  map 9% reduce 0%
2026-01-28 13:50:37,411 INFO org.apache.hadoop.mapreduce.Job (main):  map 12% reduce 0%
2026-01-28 13:50:38,415 INFO org.apache.hadoop.mapreduce.Job (main):  map 14% reduce 0%
2026-01-28 13:50:39,417 INFO org.apache.hadoop.mapreduce.Job (main):  map 18% reduce 0%
2026-01-28 13:50:41,425 INFO org.apache.hadoop.mapreduce.Job (main):  map 19% reduce 0%
2026-01-28 13:50:43,432 INFO org.apache.hadoop.mapreduce.Job (main):  map 20% reduce 0%
2026-01-28 13:50:45,440 INFO org.apache.hadoop.mapreduce.Job (main):  map 22% reduce 0%
2026-01-28 13:50:59,508 INFO org.apache.hadoop.mapreduce.Job (main):  map 23% reduce 0%
2026-01-28 13:51:02,525 INFO org.apache.hadoop.mapreduce.Job (main):  map 25% reduce 0%
2026-01-28 13:51:04,530 INFO org.apache.hadoop.mapreduce.Job (main):  map 26% reduce 0%
2026-01-28 13:51:05,535 INFO org.apache.hadoop.mapreduce.Job (main):  map 29% reduce 0%
2026-01-28 13:51:06,541 INFO org.apache.hadoop.mapreduce.Job (main):  map 30% reduce 0%
2026-01-28 13:51:07,544 INFO org.apache.hadoop.mapreduce.Job (main):  map 31% reduce 0%
2026-01-28 13:51:08,549 INFO org.apache.hadoop.mapreduce.Job (main):  map 32% reduce 0%
2026-01-28 13:51:13,563 INFO org.apache.hadoop.mapreduce.Job (main):  map 33% reduce 0%
2026-01-28 13:51:25,600 INFO org.apache.hadoop.mapreduce.Job (main):  map 33% reduce 1%
2026-01-28 13:51:36,648 INFO org.apache.hadoop.mapreduce.Job (main):  map 34% reduce 1%
2026-01-28 13:51:37,651 INFO org.apache.hadoop.mapreduce.Job (main):  map 36% reduce 2%
2026-01-28 13:51:38,654 INFO org.apache.hadoop.mapreduce.Job (main):  map 36% reduce 3%
2026-01-28 13:51:39,659 INFO org.apache.hadoop.mapreduce.Job (main):  map 37% reduce 3%
2026-01-28 13:51:40,662 INFO org.apache.hadoop.mapreduce.Job (main):  map 38% reduce 3%
2026-01-28 13:51:42,672 INFO org.apache.hadoop.mapreduce.Job (main):  map 39% reduce 3%
2026-01-28 13:51:43,674 INFO org.apache.hadoop.mapreduce.Job (main):  map 40% reduce 3%
2026-01-28 13:51:45,679 INFO org.apache.hadoop.mapreduce.Job (main):  map 41% reduce 3%
2026-01-28 13:51:46,685 INFO org.apache.hadoop.mapreduce.Job (main):  map 42% reduce 3%
2026-01-28 13:51:50,697 INFO org.apache.hadoop.mapreduce.Job (main):  map 43% reduce 3%
2026-01-28 13:51:51,702 INFO org.apache.hadoop.mapreduce.Job (main):  map 44% reduce 3%
2026-01-28 13:51:52,706 INFO org.apache.hadoop.mapreduce.Job (main):  map 46% reduce 3%
2026-01-28 13:51:55,725 INFO org.apache.hadoop.mapreduce.Job (main):  map 47% reduce 3%
2026-01-28 13:51:58,732 INFO org.apache.hadoop.mapreduce.Job (main):  map 48% reduce 3%
2026-01-28 13:52:01,739 INFO org.apache.hadoop.mapreduce.Job (main):  map 49% reduce 3%
2026-01-28 13:52:02,743 INFO org.apache.hadoop.mapreduce.Job (main):  map 50% reduce 3%
2026-01-28 13:52:03,746 INFO org.apache.hadoop.mapreduce.Job (main):  map 51% reduce 3%
2026-01-28 13:52:06,753 INFO org.apache.hadoop.mapreduce.Job (main):  map 51% reduce 4%
2026-01-28 13:52:07,756 INFO org.apache.hadoop.mapreduce.Job (main):  map 52% reduce 4%
2026-01-28 13:52:08,758 INFO org.apache.hadoop.mapreduce.Job (main):  map 52% reduce 5%
2026-01-28 13:52:17,787 INFO org.apache.hadoop.mapreduce.Job (main):  map 54% reduce 5%
2026-01-28 13:52:18,792 INFO org.apache.hadoop.mapreduce.Job (main):  map 55% reduce 5%
2026-01-28 13:52:21,799 INFO org.apache.hadoop.mapreduce.Job (main):  map 56% reduce 5%
2026-01-28 13:52:23,809 INFO org.apache.hadoop.mapreduce.Job (main):  map 57% reduce 7%
2026-01-28 13:52:35,839 INFO org.apache.hadoop.mapreduce.Job (main):  map 58% reduce 7%
2026-01-28 13:52:37,852 INFO org.apache.hadoop.mapreduce.Job (main):  map 58% reduce 8%
2026-01-28 13:52:44,869 INFO org.apache.hadoop.mapreduce.Job (main):  map 59% reduce 8%
2026-01-28 13:52:50,883 INFO org.apache.hadoop.mapreduce.Job (main):  map 60% reduce 8%
2026-01-28 13:52:52,887 INFO org.apache.hadoop.mapreduce.Job (main):  map 61% reduce 9%
2026-01-28 13:52:53,891 INFO org.apache.hadoop.mapreduce.Job (main):  map 62% reduce 9%
2026-01-28 13:52:58,902 INFO org.apache.hadoop.mapreduce.Job (main):  map 63% reduce 9%
2026-01-28 13:53:01,909 INFO org.apache.hadoop.mapreduce.Job (main):  map 64% reduce 9%
2026-01-28 13:53:02,911 INFO org.apache.hadoop.mapreduce.Job (main):  map 65% reduce 9%
2026-01-28 13:53:05,918 INFO org.apache.hadoop.mapreduce.Job (main):  map 66% reduce 9%
2026-01-28 13:53:07,923 INFO org.apache.hadoop.mapreduce.Job (main):  map 67% reduce 9%
2026-01-28 13:53:08,926 INFO org.apache.hadoop.mapreduce.Job (main):  map 68% reduce 9%
2026-01-28 13:53:10,931 INFO org.apache.hadoop.mapreduce.Job (main):  map 69% reduce 9%
2026-01-28 13:53:14,942 INFO org.apache.hadoop.mapreduce.Job (main):  map 70% reduce 10%
2026-01-28 13:53:24,963 INFO org.apache.hadoop.mapreduce.Job (main):  map 71% reduce 10%
2026-01-28 13:53:33,982 INFO org.apache.hadoop.mapreduce.Job (main):  map 73% reduce 10%
2026-01-28 13:53:35,987 INFO org.apache.hadoop.mapreduce.Job (main):  map 73% reduce 11%
2026-01-28 13:53:37,997 INFO org.apache.hadoop.mapreduce.Job (main):  map 74% reduce 11%
2026-01-28 13:53:47,019 INFO org.apache.hadoop.mapreduce.Job (main):  map 75% reduce 11%
2026-01-28 13:53:50,025 INFO org.apache.hadoop.mapreduce.Job (main):  map 76% reduce 11%
2026-01-28 13:53:51,027 INFO org.apache.hadoop.mapreduce.Job (main):  map 76% reduce 12%
2026-01-28 13:53:53,031 INFO org.apache.hadoop.mapreduce.Job (main):  map 77% reduce 12%
2026-01-28 13:53:54,033 INFO org.apache.hadoop.mapreduce.Job (main):  map 78% reduce 12%
2026-01-28 13:54:01,046 INFO org.apache.hadoop.mapreduce.Job (main):  map 79% reduce 12%
2026-01-28 13:54:09,063 INFO org.apache.hadoop.mapreduce.Job (main):  map 81% reduce 12%
2026-01-28 13:54:10,065 INFO org.apache.hadoop.mapreduce.Job (main):  map 82% reduce 12%
2026-01-28 13:54:14,073 INFO org.apache.hadoop.mapreduce.Job (main):  map 83% reduce 12%
2026-01-28 13:54:17,080 INFO org.apache.hadoop.mapreduce.Job (main):  map 84% reduce 12%
2026-01-28 13:54:20,086 INFO org.apache.hadoop.mapreduce.Job (main):  map 85% reduce 12%
2026-01-28 13:54:21,088 INFO org.apache.hadoop.mapreduce.Job (main):  map 86% reduce 12%
2026-01-28 13:54:22,090 INFO org.apache.hadoop.mapreduce.Job (main):  map 87% reduce 12%
2026-01-28 13:54:24,094 INFO org.apache.hadoop.mapreduce.Job (main):  map 88% reduce 12%
2026-01-28 13:54:25,096 INFO org.apache.hadoop.mapreduce.Job (main):  map 88% reduce 13%
2026-01-28 13:54:27,100 INFO org.apache.hadoop.mapreduce.Job (main):  map 89% reduce 13%
2026-01-28 13:54:28,102 INFO org.apache.hadoop.mapreduce.Job (main):  map 90% reduce 13%
2026-01-28 13:54:32,113 INFO org.apache.hadoop.mapreduce.Job (main):  map 92% reduce 13%
2026-01-28 13:54:34,121 INFO org.apache.hadoop.mapreduce.Job (main):  map 92% reduce 14%
2026-01-28 13:54:38,131 INFO org.apache.hadoop.mapreduce.Job (main):  map 93% reduce 14%
2026-01-28 13:54:48,152 INFO org.apache.hadoop.mapreduce.Job (main):  map 94% reduce 14%
2026-01-28 13:54:49,155 INFO org.apache.hadoop.mapreduce.Job (main):  map 94% reduce 16%
2026-01-28 13:54:50,157 INFO org.apache.hadoop.mapreduce.Job (main):  map 95% reduce 16%
2026-01-28 13:54:51,160 INFO org.apache.hadoop.mapreduce.Job (main):  map 96% reduce 16%
2026-01-28 13:54:54,166 INFO org.apache.hadoop.mapreduce.Job (main):  map 96% reduce 17%
2026-01-28 13:54:55,168 INFO org.apache.hadoop.mapreduce.Job (main):  map 96% reduce 19%
2026-01-28 13:54:58,174 INFO org.apache.hadoop.mapreduce.Job (main):  map 97% reduce 19%
2026-01-28 13:55:01,180 INFO org.apache.hadoop.mapreduce.Job (main):  map 98% reduce 19%
2026-01-28 13:55:02,182 INFO org.apache.hadoop.mapreduce.Job (main):  map 100% reduce 19%
2026-01-28 13:55:03,184 INFO org.apache.hadoop.mapreduce.Job (main):  map 100% reduce 22%
2026-01-28 13:55:05,189 INFO org.apache.hadoop.mapreduce.Job (main):  map 100% reduce 26%
2026-01-28 13:55:06,191 INFO org.apache.hadoop.mapreduce.Job (main):  map 100% reduce 51%
2026-01-28 13:55:07,200 INFO org.apache.hadoop.mapreduce.Job (main):  map 100% reduce 64%
2026-01-28 13:55:10,208 INFO org.apache.hadoop.mapreduce.Job (main):  map 100% reduce 65%
2026-01-28 13:55:15,218 INFO org.apache.hadoop.mapreduce.Job (main):  map 100% reduce 72%
2026-01-28 13:55:16,220 INFO org.apache.hadoop.mapreduce.Job (main):  map 100% reduce 79%
2026-01-28 13:55:17,222 INFO org.apache.hadoop.mapreduce.Job (main):  map 100% reduce 85%
2026-01-28 13:55:18,230 INFO org.apache.hadoop.mapreduce.Job (main):  map 100% reduce 87%
2026-01-28 13:55:22,239 INFO org.apache.hadoop.mapreduce.Job (main):  map 100% reduce 88%
2026-01-28 13:55:24,243 INFO org.apache.hadoop.mapreduce.Job (main):  map 100% reduce 90%
2026-01-28 13:55:28,253 INFO org.apache.hadoop.mapreduce.Job (main):  map 100% reduce 91%
2026-01-28 13:55:36,273 INFO org.apache.hadoop.mapreduce.Job (main):  map 100% reduce 92%
2026-01-28 13:55:46,294 INFO org.apache.hadoop.mapreduce.Job (main):  map 100% reduce 93%
2026-01-28 13:55:48,298 INFO org.apache.hadoop.mapreduce.Job (main):  map 100% reduce 94%
2026-01-28 13:55:54,311 INFO org.apache.hadoop.mapreduce.Job (main):  map 100% reduce 95%
2026-01-28 13:56:00,329 INFO org.apache.hadoop.mapreduce.Job (main):  map 100% reduce 96%
2026-01-28 13:56:12,353 INFO org.apache.hadoop.mapreduce.Job (main):  map 100% reduce 97%
2026-01-28 13:56:30,391 INFO org.apache.hadoop.mapreduce.Job (main):  map 100% reduce 98%
2026-01-28 13:57:01,462 INFO org.apache.hadoop.mapreduce.Job (main):  map 100% reduce 99%
2026-01-28 13:57:31,542 INFO org.apache.hadoop.mapreduce.Job (main):  map 100% reduce 100%
2026-01-28 13:57:41,569 INFO org.apache.hadoop.mapreduce.Job (main): Job job_1769604497189_0004 completed successfully
2026-01-28 13:57:41,597 INFO org.apache.hadoop.mapreduce.Job (main): Counters: 56
	File System Counters
		FILE: Number of bytes read=3291818512
		FILE: Number of bytes written=6540892745
		FILE: Number of read operations=0
		FILE: Number of large read operations=0
		FILE: Number of write operations=0
		HDFS: Number of bytes read=15080
		HDFS: Number of bytes written=0
		HDFS: Number of read operations=104
		HDFS: Number of large read operations=0
		HDFS: Number of write operations=0
		S3: Number of bytes read=6256102054
		S3: Number of bytes written=200461
		S3: Number of read operations=0
		S3: Number of large read operations=0
		S3: Number of write operations=0
	Job Counters 
		Killed map tasks=2
		Killed reduce tasks=3
		Launched map tasks=105
		Launched reduce tasks=17
		Data-local map tasks=105
		Total time spent by all maps in occupied slots (ms)=9386611200
		Total time spent by all reduces in occupied slots (ms)=6354023424
		Total time spent by all map tasks (ms)=6111075
		Total time spent by all reduce tasks (ms)=2068367
		Total vcore-milliseconds taken by all map tasks=6111075
		Total vcore-milliseconds taken by all reduce tasks=2068367
		Total megabyte-milliseconds taken by all map tasks=9386611200
		Total megabyte-milliseconds taken by all reduce tasks=6354023424
	Map-Reduce Framework
		Map input records=165800047
		Map output records=165800047
		Map output bytes=4865961224
		Map output materialized bytes=3221773083
		Input split bytes=15080
		Combine input records=0
		Combine output records=0
		Reduce input groups=47
		Reduce shuffle bytes=3221773083
		Reduce input records=165800047
		Reduce output records=4700
		Spilled Records=331600094
		Shuffled Maps =1560
		Failed Shuffles=0
		Merged Map outputs=1560
		GC time elapsed (ms)=107763
		CPU time spent (ms)=2424680
		Physical memory (bytes) snapshot=79281840128
		Virtual memory (bytes) snapshot=504512856064
		Total committed heap usage (bytes)=67199041536
	Shuffle Errors
		BAD_ID=0
		CONNECTION=0
		IO_ERROR=0
		WRONG_LENGTH=0
		WRONG_MAP=0
		WRONG_REDUCE=0
	File Input Format Counters 
		Bytes Read=6256102054
	File Output Format Counters 
		Bytes Written=200461
