2026-01-28 09:00:00,776 INFO org.apache.hadoop.mapreduce.Job (main):  map 100% reduce 55%
2026-01-28 09:00:01,779 INFO org.apache.hadoop.mapreduce.Job (main):  map 100% reduce 59%
2026-01-28 09:00:03,784 INFO org.apache.hadoop.mapreduce.Job (main):  map 100% reduce 60%
2026-01-28 09:00:04,787 INFO org.apache.hadoop.mapreduce.Job (main):  map 100% reduce 65%
2026-01-28 09:00:05,790 INFO org.apache.hadoop.mapreduce.Job (main):  map 100% reduce 71%
2026-01-28 09:00:06,793 INFO org.apache.hadoop.mapreduce.Job (main):  map 100% reduce 75%
2026-01-28 09:00:07,797 INFO org.apache.hadoop.mapreduce.Job (main):  map 100% reduce 79%
2026-01-28 09:00:09,802 INFO org.apache.hadoop.mapreduce.Job (main):  map 100% reduce 80%
2026-01-28 09:00:10,805 INFO org.apache.hadoop.mapreduce.Job (main):  map 100% reduce 89%
2026-01-28 09:00:11,807 INFO org.apache.hadoop.mapreduce.Job (main):  map 100% reduce 93%
2026-01-28 09:00:12,810 INFO org.apache.hadoop.mapreduce.Job (main):  map 100% reduce 95%
2026-01-28 09:00:13,813 INFO org.apache.hadoop.mapreduce.Job (main):  map 100% reduce 96%
2026-01-28 09:00:15,819 INFO org.apache.hadoop.mapreduce.Job (main):  map 100% reduce 97%
2026-01-28 09:00:16,823 INFO org.apache.hadoop.mapreduce.Job (main):  map 100% reduce 98%
2026-01-28 09:00:17,825 INFO org.apache.hadoop.mapreduce.Job (main):  map 100% reduce 100%
2026-01-28 09:00:22,847 INFO org.apache.hadoop.mapreduce.Job (main): Job job_1769590163068_0001 completed successfully
2026-01-28 09:00:22,961 INFO org.apache.hadoop.mapreduce.Job (main): Counters: 56
	File System Counters
		FILE: Number of bytes read=340466216
		FILE: Number of bytes written=766935017
		FILE: Number of read operations=0
		FILE: Number of large read operations=0
		FILE: Number of write operations=0
		HDFS: Number of bytes read=5304
		HDFS: Number of bytes written=0
		HDFS: Number of read operations=39
		HDFS: Number of large read operations=0
		HDFS: Number of write operations=0
		S3: Number of bytes read=2581920774
		S3: Number of bytes written=1114735233
		S3: Number of read operations=0
		S3: Number of large read operations=0
		S3: Number of write operations=0
	Job Counters 
		Killed map tasks=1
		Killed reduce tasks=1
		Launched map tasks=39
		Launched reduce tasks=16
		Data-local map tasks=39
		Total time spent by all maps in occupied slots (ms)=9455500800
		Total time spent by all reduces in occupied slots (ms)=4626505728
		Total time spent by all map tasks (ms)=6155925
		Total time spent by all reduce tasks (ms)=1506024
		Total vcore-milliseconds taken by all map tasks=6155925
		Total vcore-milliseconds taken by all reduce tasks=1506024
		Total megabyte-milliseconds taken by all map tasks=9455500800
		Total megabyte-milliseconds taken by all reduce tasks=4626505728
	Map-Reduce Framework
		Map input records=252069581
		Map output records=115558108
		Map output bytes=3973250449
		Map output materialized bytes=414446686
		Input split bytes=5304
		Combine input records=115558108
		Combine output records=26123857
		Reduce input groups=26123840
		Reduce shuffle bytes=414446686
		Reduce input records=26123857
		Reduce output records=26123840
		Spilled Records=52247714
		Shuffled Maps =585
		Failed Shuffles=0
		Merged Map outputs=585
		GC time elapsed (ms)=70008
		CPU time spent (ms)=3184380
		Physical memory (bytes) snapshot=53258399744
		Virtual memory (bytes) snapshot=229312331776
		Total committed heap usage (bytes)=46984069120
	Shuffle Errors
		BAD_ID=0
		CONNECTION=0
		IO_ERROR=0
		WRONG_LENGTH=0
		WRONG_MAP=0
		WRONG_REDUCE=0
	File Input Format Counters 
		Bytes Read=2581920774
	File Output Format Counters 
		Bytes Written=1114735233
2026-01-28 09:00:23,019 INFO org.apache.hadoop.yarn.client.RMProxy (main): Connecting to ResourceManager at ip-172-31-75-195.ec2.internal/172.31.75.195:8032
2026-01-28 09:00:23,019 INFO org.apache.hadoop.yarn.client.AHSProxy (main): Connecting to Application History server at ip-172-31-75-195.ec2.internal/172.31.75.195:10200
2026-01-28 09:00:27,213 INFO org.apache.hadoop.mapreduce.lib.input.FileInputFormat (main): Total input files to process : 15
2026-01-28 09:00:27,314 INFO org.apache.hadoop.mapreduce.JobSubmitter (main): number of splits:30
2026-01-28 09:00:27,399 INFO org.apache.hadoop.mapreduce.JobSubmitter (main): Submitting tokens for job: job_1769590163068_0002
2026-01-28 09:00:27,452 INFO org.apache.hadoop.yarn.client.api.impl.YarnClientImpl (main): Submitted application application_1769590163068_0002
2026-01-28 09:00:27,460 INFO org.apache.hadoop.mapreduce.Job (main): The url to track the job: http://ip-172-31-75-195.ec2.internal:20888/proxy/application_1769590163068_0002/
2026-01-28 09:00:27,460 INFO org.apache.hadoop.mapreduce.Job (main): Running job: job_1769590163068_0002
2026-01-28 09:00:41,742 INFO org.apache.hadoop.mapreduce.Job (main): Job job_1769590163068_0002 running in uber mode : false
2026-01-28 09:00:41,742 INFO org.apache.hadoop.mapreduce.Job (main):  map 0% reduce 0%
2026-01-28 09:01:07,898 INFO org.apache.hadoop.mapreduce.Job (main):  map 2% reduce 0%
2026-01-28 09:01:08,901 INFO org.apache.hadoop.mapreduce.Job (main):  map 4% reduce 0%
2026-01-28 09:01:22,956 INFO org.apache.hadoop.mapreduce.Job (main):  map 11% reduce 0%
2026-01-28 09:01:24,962 INFO org.apache.hadoop.mapreduce.Job (main):  map 20% reduce 0%
2026-01-28 09:01:25,971 INFO org.apache.hadoop.mapreduce.Job (main):  map 31% reduce 0%
2026-01-28 09:01:26,974 INFO org.apache.hadoop.mapreduce.Job (main):  map 35% reduce 0%
2026-01-28 09:01:28,980 INFO org.apache.hadoop.mapreduce.Job (main):  map 37% reduce 0%
2026-01-28 09:01:29,986 INFO org.apache.hadoop.mapreduce.Job (main):  map 38% reduce 0%
2026-01-28 09:01:30,989 INFO org.apache.hadoop.mapreduce.Job (main):  map 45% reduce 0%
2026-01-28 09:01:31,994 INFO org.apache.hadoop.mapreduce.Job (main):  map 55% reduce 0%
2026-01-28 09:01:32,998 INFO org.apache.hadoop.mapreduce.Job (main):  map 63% reduce 0%
2026-01-28 09:01:35,007 INFO org.apache.hadoop.mapreduce.Job (main):  map 64% reduce 0%
2026-01-28 09:01:36,011 INFO org.apache.hadoop.mapreduce.Job (main):  map 68% reduce 0%
2026-01-28 09:01:37,017 INFO org.apache.hadoop.mapreduce.Job (main):  map 69% reduce 0%
2026-01-28 09:01:38,023 INFO org.apache.hadoop.mapreduce.Job (main):  map 72% reduce 0%
2026-01-28 09:01:39,026 INFO org.apache.hadoop.mapreduce.Job (main):  map 76% reduce 0%
2026-01-28 09:01:41,036 INFO org.apache.hadoop.mapreduce.Job (main):  map 78% reduce 0%
2026-01-28 09:01:42,039 INFO org.apache.hadoop.mapreduce.Job (main):  map 79% reduce 0%
2026-01-28 09:01:43,042 INFO org.apache.hadoop.mapreduce.Job (main):  map 80% reduce 0%
2026-01-28 09:01:44,047 INFO org.apache.hadoop.mapreduce.Job (main):  map 82% reduce 0%
2026-01-28 09:01:45,055 INFO org.apache.hadoop.mapreduce.Job (main):  map 83% reduce 0%
2026-01-28 09:01:50,073 INFO org.apache.hadoop.mapreduce.Job (main):  map 83% reduce 1%
2026-01-28 09:01:53,082 INFO org.apache.hadoop.mapreduce.Job (main):  map 83% reduce 2%
2026-01-28 09:01:58,098 INFO org.apache.hadoop.mapreduce.Job (main):  map 83% reduce 3%
2026-01-28 09:02:00,105 INFO org.apache.hadoop.mapreduce.Job (main):  map 83% reduce 4%
2026-01-28 09:02:01,109 INFO org.apache.hadoop.mapreduce.Job (main):  map 83% reduce 6%
2026-01-28 09:02:02,114 INFO org.apache.hadoop.mapreduce.Job (main):  map 84% reduce 6%
2026-01-28 09:02:03,122 INFO org.apache.hadoop.mapreduce.Job (main):  map 86% reduce 6%
2026-01-28 09:02:04,125 INFO org.apache.hadoop.mapreduce.Job (main):  map 86% reduce 7%
2026-01-28 09:02:05,128 INFO org.apache.hadoop.mapreduce.Job (main):  map 87% reduce 8%
2026-01-28 09:02:06,132 INFO org.apache.hadoop.mapreduce.Job (main):  map 87% reduce 9%
2026-01-28 09:02:19,181 INFO org.apache.hadoop.mapreduce.Job (main):  map 87% reduce 11%
2026-01-28 09:02:21,193 INFO org.apache.hadoop.mapreduce.Job (main):  map 87% reduce 12%
2026-01-28 09:02:28,215 INFO org.apache.hadoop.mapreduce.Job (main):  map 88% reduce 12%
2026-01-28 09:02:30,226 INFO org.apache.hadoop.mapreduce.Job (main):  map 89% reduce 12%
2026-01-28 09:02:31,228 INFO org.apache.hadoop.mapreduce.Job (main):  map 89% reduce 13%
2026-01-28 09:02:32,231 INFO org.apache.hadoop.mapreduce.Job (main):  map 90% reduce 13%
2026-01-28 09:02:34,237 INFO org.apache.hadoop.mapreduce.Job (main):  map 91% reduce 13%
2026-01-28 09:02:35,242 INFO org.apache.hadoop.mapreduce.Job (main):  map 91% reduce 14%
2026-01-28 09:02:39,257 INFO org.apache.hadoop.mapreduce.Job (main):  map 91% reduce 15%
2026-01-28 09:02:40,260 INFO org.apache.hadoop.mapreduce.Job (main):  map 92% reduce 15%
2026-01-28 09:02:41,265 INFO org.apache.hadoop.mapreduce.Job (main):  map 93% reduce 15%
2026-01-28 09:02:44,275 INFO org.apache.hadoop.mapreduce.Job (main):  map 97% reduce 15%
2026-01-28 09:02:45,277 INFO org.apache.hadoop.mapreduce.Job (main):  map 98% reduce 18%
2026-01-28 09:02:46,280 INFO org.apache.hadoop.mapreduce.Job (main):  map 99% reduce 19%
2026-01-28 09:02:48,285 INFO org.apache.hadoop.mapreduce.Job (main):  map 99% reduce 20%
2026-01-28 09:02:49,293 INFO org.apache.hadoop.mapreduce.Job (main):  map 99% reduce 21%
2026-01-28 09:02:50,296 INFO org.apache.hadoop.mapreduce.Job (main):  map 99% reduce 23%
2026-01-28 09:02:51,299 INFO org.apache.hadoop.mapreduce.Job (main):  map 100% reduce 23%
2026-01-28 09:02:52,302 INFO org.apache.hadoop.mapreduce.Job (main):  map 100% reduce 24%
2026-01-28 09:02:54,310 INFO org.apache.hadoop.mapreduce.Job (main):  map 100% reduce 25%
2026-01-28 09:02:55,312 INFO org.apache.hadoop.mapreduce.Job (main):  map 100% reduce 26%
2026-01-28 09:02:56,315 INFO org.apache.hadoop.mapreduce.Job (main):  map 100% reduce 27%
2026-01-28 09:02:57,319 INFO org.apache.hadoop.mapreduce.Job (main):  map 100% reduce 29%
2026-01-28 09:02:58,322 INFO org.apache.hadoop.mapreduce.Job (main):  map 100% reduce 33%
2026-01-28 09:02:59,326 INFO org.apache.hadoop.mapreduce.Job (main):  map 100% reduce 35%
2026-01-28 09:03:00,329 INFO org.apache.hadoop.mapreduce.Job (main):  map 100% reduce 36%
2026-01-28 09:03:01,332 INFO org.apache.hadoop.mapreduce.Job (main):  map 100% reduce 38%
2026-01-28 09:03:02,334 INFO org.apache.hadoop.mapreduce.Job (main):  map 100% reduce 44%
2026-01-28 09:03:03,337 INFO org.apache.hadoop.mapreduce.Job (main):  map 100% reduce 49%
2026-01-28 09:03:04,342 INFO org.apache.hadoop.mapreduce.Job (main):  map 100% reduce 51%
2026-01-28 09:03:05,345 INFO org.apache.hadoop.mapreduce.Job (main):  map 100% reduce 53%
2026-01-28 09:03:06,348 INFO org.apache.hadoop.mapreduce.Job (main):  map 100% reduce 54%
2026-01-28 09:03:07,355 INFO org.apache.hadoop.mapreduce.Job (main):  map 100% reduce 57%
2026-01-28 09:03:08,358 INFO org.apache.hadoop.mapreduce.Job (main):  map 100% reduce 59%
2026-01-28 09:03:09,361 INFO org.apache.hadoop.mapreduce.Job (main):  map 100% reduce 62%
2026-01-28 09:03:10,364 INFO org.apache.hadoop.mapreduce.Job (main):  map 100% reduce 68%
2026-01-28 09:03:11,370 INFO org.apache.hadoop.mapreduce.Job (main):  map 100% reduce 69%
2026-01-28 09:03:13,378 INFO org.apache.hadoop.mapreduce.Job (main):  map 100% reduce 71%
2026-01-28 09:03:14,381 INFO org.apache.hadoop.mapreduce.Job (main):  map 100% reduce 74%
2026-01-28 09:03:15,384 INFO org.apache.hadoop.mapreduce.Job (main):  map 100% reduce 78%
2026-01-28 09:03:16,390 INFO org.apache.hadoop.mapreduce.Job (main):  map 100% reduce 82%
2026-01-28 09:03:17,393 INFO org.apache.hadoop.mapreduce.Job (main):  map 100% reduce 83%
2026-01-28 09:03:18,401 INFO org.apache.hadoop.mapreduce.Job (main):  map 100% reduce 84%
2026-01-28 09:03:19,405 INFO org.apache.hadoop.mapreduce.Job (main):  map 100% reduce 87%
2026-01-28 09:03:20,408 INFO org.apache.hadoop.mapreduce.Job (main):  map 100% reduce 89%
2026-01-28 09:03:21,411 INFO org.apache.hadoop.mapreduce.Job (main):  map 100% reduce 91%
2026-01-28 09:03:22,414 INFO org.apache.hadoop.mapreduce.Job (main):  map 100% reduce 95%
2026-01-28 09:03:24,422 INFO org.apache.hadoop.mapreduce.Job (main):  map 100% reduce 96%
2026-01-28 09:03:25,425 INFO org.apache.hadoop.mapreduce.Job (main):  map 100% reduce 97%
2026-01-28 09:03:26,428 INFO org.apache.hadoop.mapreduce.Job (main):  map 100% reduce 98%
2026-01-28 09:03:28,440 INFO org.apache.hadoop.mapreduce.Job (main):  map 100% reduce 100%
2026-01-28 09:03:32,460 INFO org.apache.hadoop.mapreduce.Job (main): Job job_1769590163068_0002 completed successfully
2026-01-28 09:03:32,539 INFO org.apache.hadoop.mapreduce.Job (main): Counters: 89
	File System Counters
		FILE: Number of bytes read=381874952
		FILE: Number of bytes written=884973446
		FILE: Number of read operations=0
		FILE: Number of large read operations=0
		FILE: Number of write operations=0
		HDFS: Number of bytes read=4260
		HDFS: Number of bytes written=0
		HDFS: Number of read operations=30
		HDFS: Number of large read operations=0
		HDFS: Number of write operations=0
		S3: Number of bytes read=1115125005
		S3: Number of bytes written=1325769148
		S3: Number of read operations=0
		S3: Number of large read operations=0
		S3: Number of write operations=0
	Job Counters 
		Killed map tasks=1
		Killed reduce tasks=1
		Launched map tasks=31
		Launched reduce tasks=16
		Data-local map tasks=31
		Total time spent by all maps in occupied slots (ms)=3700841472
		Total time spent by all reduces in occupied slots (ms)=3517427712
		Total time spent by all map tasks (ms)=2409402
		Total time spent by all reduce tasks (ms)=1144996
		Total vcore-milliseconds taken by all map tasks=2409402
		Total vcore-milliseconds taken by all reduce tasks=1144996
		Total megabyte-milliseconds taken by all map tasks=3700841472
		Total megabyte-milliseconds taken by all reduce tasks=3517427712
	Map-Reduce Framework
		Map input records=26123840
		Map output records=52247680
		Map output bytes=1573445242
		Map output materialized bytes=493081946
		Input split bytes=4260
		Combine input records=0
		Combine output records=0
		Reduce input groups=27715762
		Reduce shuffle bytes=493081946
		Reduce input records=52247680
		Reduce output records=26123840
		Spilled Records=104495360
		Shuffled Maps =450
		Failed Shuffles=0
		Merged Map outputs=450
		GC time elapsed (ms)=49954
		CPU time spent (ms)=1513870
		Physical memory (bytes) snapshot=37695696896
		Virtual memory (bytes) snapshot=190944804864
		Total committed heap usage (bytes)=33795604480
	Decade_N
		N_1530=1681
		N_1540=28908
		N_1560=27400
		N_1620=33427
		N_1670=18864
		N_1680=6044
		N_1690=12620
		N_1700=13776
		N_1750=56349
		N_1760=8048
		N_1780=425
		N_1790=43717
		N_1800=69847
		N_1810=150599
		N_1820=243074
		N_1830=636191
		N_1840=519967
		N_1850=1823965
		N_1860=3564221
		N_1870=3209746
		N_1880=4110583
		N_1890=5503922
		N_1900=5833920
		N_1910=2495773
		N_1920=6201193
		N_1930=9782204
		N_1940=14024503
		N_1950=32645248
		N_1960=76665301
		N_1970=71127982
		N_1980=66473826
		N_1990=94399290
		N_2000=120461706
	Shuffle Errors
		BAD_ID=0
		CONNECTION=0
		IO_ERROR=0
		WRONG_LENGTH=0
		WRONG_MAP=0
		WRONG_REDUCE=0
	File Input Format Counters 
		Bytes Read=1115125005
	File Output Format Counters 
		Bytes Written=1325769148
2026-01-28 09:03:32,609 INFO org.apache.hadoop.yarn.client.RMProxy (main): Connecting to ResourceManager at ip-172-31-75-195.ec2.internal/172.31.75.195:8032
2026-01-28 09:03:32,609 INFO org.apache.hadoop.yarn.client.AHSProxy (main): Connecting to Application History server at ip-172-31-75-195.ec2.internal/172.31.75.195:10200
2026-01-28 09:03:37,256 INFO org.apache.hadoop.mapreduce.lib.input.FileInputFormat (main): Total input files to process : 15
2026-01-28 09:03:37,432 INFO org.apache.hadoop.mapreduce.JobSubmitter (main): number of splits:30
2026-01-28 09:03:37,578 INFO org.apache.hadoop.mapreduce.JobSubmitter (main): Submitting tokens for job: job_1769590163068_0003
2026-01-28 09:03:37,617 INFO org.apache.hadoop.yarn.client.api.impl.YarnClientImpl (main): Submitted application application_1769590163068_0003
2026-01-28 09:03:37,639 INFO org.apache.hadoop.mapreduce.Job (main): The url to track the job: http://ip-172-31-75-195.ec2.internal:20888/proxy/application_1769590163068_0003/
2026-01-28 09:03:37,639 INFO org.apache.hadoop.mapreduce.Job (main): Running job: job_1769590163068_0003
2026-01-28 09:03:50,867 INFO org.apache.hadoop.mapreduce.Job (main): Job job_1769590163068_0003 running in uber mode : false
2026-01-28 09:03:50,867 INFO org.apache.hadoop.mapreduce.Job (main):  map 0% reduce 0%
2026-01-28 09:04:18,007 INFO org.apache.hadoop.mapreduce.Job (main):  map 4% reduce 0%
2026-01-28 09:04:31,072 INFO org.apache.hadoop.mapreduce.Job (main):  map 10% reduce 0%
2026-01-28 09:04:32,077 INFO org.apache.hadoop.mapreduce.Job (main):  map 11% reduce 0%
2026-01-28 09:04:33,080 INFO org.apache.hadoop.mapreduce.Job (main):  map 16% reduce 0%
2026-01-28 09:04:34,083 INFO org.apache.hadoop.mapreduce.Job (main):  map 20% reduce 0%
2026-01-28 09:04:35,090 INFO org.apache.hadoop.mapreduce.Job (main):  map 31% reduce 0%
2026-01-28 09:04:36,093 INFO org.apache.hadoop.mapreduce.Job (main):  map 42% reduce 0%
2026-01-28 09:04:37,098 INFO org.apache.hadoop.mapreduce.Job (main):  map 44% reduce 0%
2026-01-28 09:04:38,109 INFO org.apache.hadoop.mapreduce.Job (main):  map 47% reduce 0%
2026-01-28 09:04:39,111 INFO org.apache.hadoop.mapreduce.Job (main):  map 48% reduce 0%
2026-01-28 09:04:40,114 INFO org.apache.hadoop.mapreduce.Job (main):  map 50% reduce 0%
2026-01-28 09:04:41,118 INFO org.apache.hadoop.mapreduce.Job (main):  map 56% reduce 0%
2026-01-28 09:04:42,121 INFO org.apache.hadoop.mapreduce.Job (main):  map 60% reduce 0%
2026-01-28 09:04:43,124 INFO org.apache.hadoop.mapreduce.Job (main):  map 62% reduce 0%
2026-01-28 09:04:46,139 INFO org.apache.hadoop.mapreduce.Job (main):  map 63% reduce 0%
2026-01-28 09:04:47,144 INFO org.apache.hadoop.mapreduce.Job (main):  map 64% reduce 0%
2026-01-28 09:04:48,147 INFO org.apache.hadoop.mapreduce.Job (main):  map 65% reduce 0%
2026-01-28 09:04:49,150 INFO org.apache.hadoop.mapreduce.Job (main):  map 67% reduce 0%
2026-01-28 09:04:53,165 INFO org.apache.hadoop.mapreduce.Job (main):  map 68% reduce 0%
2026-01-28 09:04:54,177 INFO org.apache.hadoop.mapreduce.Job (main):  map 69% reduce 0%
2026-01-28 09:04:57,188 INFO org.apache.hadoop.mapreduce.Job (main):  map 70% reduce 0%
2026-01-28 09:04:58,192 INFO org.apache.hadoop.mapreduce.Job (main):  map 73% reduce 0%
2026-01-28 09:04:59,195 INFO org.apache.hadoop.mapreduce.Job (main):  map 74% reduce 0%
2026-01-28 09:05:00,200 INFO org.apache.hadoop.mapreduce.Job (main):  map 78% reduce 0%
2026-01-28 09:05:01,204 INFO org.apache.hadoop.mapreduce.Job (main):  map 79% reduce 0%
2026-01-28 09:05:03,211 INFO org.apache.hadoop.mapreduce.Job (main):  map 80% reduce 0%
2026-01-28 09:05:04,215 INFO org.apache.hadoop.mapreduce.Job (main):  map 81% reduce 0%
2026-01-28 09:05:05,219 INFO org.apache.hadoop.mapreduce.Job (main):  map 84% reduce 0%
2026-01-28 09:05:08,229 INFO org.apache.hadoop.mapreduce.Job (main):  map 86% reduce 0%
2026-01-28 09:05:14,245 INFO org.apache.hadoop.mapreduce.Job (main):  map 86% reduce 1%
2026-01-28 09:05:15,247 INFO org.apache.hadoop.mapreduce.Job (main):  map 86% reduce 3%
2026-01-28 09:05:21,264 INFO org.apache.hadoop.mapreduce.Job (main):  map 86% reduce 4%
2026-01-28 09:05:22,267 INFO org.apache.hadoop.mapreduce.Job (main):  map 86% reduce 6%
2026-01-28 09:05:23,270 INFO org.apache.hadoop.mapreduce.Job (main):  map 86% reduce 8%
2026-01-28 09:05:25,275 INFO org.apache.hadoop.mapreduce.Job (main):  map 86% reduce 9%
2026-01-28 09:05:26,277 INFO org.apache.hadoop.mapreduce.Job (main):  map 86% reduce 10%
2026-01-28 09:05:30,290 INFO org.apache.hadoop.mapreduce.Job (main):  map 87% reduce 10%
2026-01-28 09:05:31,293 INFO org.apache.hadoop.mapreduce.Job (main):  map 88% reduce 10%
2026-01-28 09:05:32,296 INFO org.apache.hadoop.mapreduce.Job (main):  map 89% reduce 10%
2026-01-28 09:05:33,299 INFO org.apache.hadoop.mapreduce.Job (main):  map 89% reduce 11%
2026-01-28 09:05:37,318 INFO org.apache.hadoop.mapreduce.Job (main):  map 89% reduce 12%
2026-01-28 09:05:38,325 INFO org.apache.hadoop.mapreduce.Job (main):  map 90% reduce 12%
2026-01-28 09:05:40,354 INFO org.apache.hadoop.mapreduce.Job (main):  map 93% reduce 12%
2026-01-28 09:05:43,368 INFO org.apache.hadoop.mapreduce.Job (main):  map 94% reduce 13%
2026-01-28 09:05:45,377 INFO org.apache.hadoop.mapreduce.Job (main):  map 97% reduce 14%
2026-01-28 09:05:46,381 INFO org.apache.hadoop.mapreduce.Job (main):  map 98% reduce 15%
2026-01-28 09:05:47,385 INFO org.apache.hadoop.mapreduce.Job (main):  map 100% reduce 17%
2026-01-28 09:05:48,388 INFO org.apache.hadoop.mapreduce.Job (main):  map 100% reduce 19%
2026-01-28 09:05:49,390 INFO org.apache.hadoop.mapreduce.Job (main):  map 100% reduce 20%
2026-01-28 09:05:50,393 INFO org.apache.hadoop.mapreduce.Job (main):  map 100% reduce 22%
2026-01-28 09:05:51,401 INFO org.apache.hadoop.mapreduce.Job (main):  map 100% reduce 23%
2026-01-28 09:05:52,404 INFO org.apache.hadoop.mapreduce.Job (main):  map 100% reduce 25%
2026-01-28 09:05:53,407 INFO org.apache.hadoop.mapreduce.Job (main):  map 100% reduce 26%
2026-01-28 09:05:54,411 INFO org.apache.hadoop.mapreduce.Job (main):  map 100% reduce 27%
2026-01-28 09:05:55,417 INFO org.apache.hadoop.mapreduce.Job (main):  map 100% reduce 28%
2026-01-28 09:05:56,419 INFO org.apache.hadoop.mapreduce.Job (main):  map 100% reduce 34%
2026-01-28 09:05:57,426 INFO org.apache.hadoop.mapreduce.Job (main):  map 100% reduce 39%
2026-01-28 09:05:58,434 INFO org.apache.hadoop.mapreduce.Job (main):  map 100% reduce 41%
2026-01-28 09:05:59,441 INFO org.apache.hadoop.mapreduce.Job (main):  map 100% reduce 43%
2026-01-28 09:06:01,446 INFO org.apache.hadoop.mapreduce.Job (main):  map 100% reduce 44%
2026-01-28 09:06:02,449 INFO org.apache.hadoop.mapreduce.Job (main):  map 100% reduce 48%
2026-01-28 09:06:03,452 INFO org.apache.hadoop.mapreduce.Job (main):  map 100% reduce 57%
2026-01-28 09:06:04,454 INFO org.apache.hadoop.mapreduce.Job (main):  map 100% reduce 59%
2026-01-28 09:06:05,457 INFO org.apache.hadoop.mapreduce.Job (main):  map 100% reduce 64%
2026-01-28 09:06:06,459 INFO org.apache.hadoop.mapreduce.Job (main):  map 100% reduce 65%
2026-01-28 09:06:08,468 INFO org.apache.hadoop.mapreduce.Job (main):  map 100% reduce 67%
2026-01-28 09:06:09,470 INFO org.apache.hadoop.mapreduce.Job (main):  map 100% reduce 72%
2026-01-28 09:06:10,473 INFO org.apache.hadoop.mapreduce.Job (main):  map 100% reduce 74%
2026-01-28 09:06:11,475 INFO org.apache.hadoop.mapreduce.Job (main):  map 100% reduce 77%
2026-01-28 09:06:12,490 INFO org.apache.hadoop.mapreduce.Job (main):  map 100% reduce 78%
2026-01-28 09:06:14,496 INFO org.apache.hadoop.mapreduce.Job (main):  map 100% reduce 82%
2026-01-28 09:06:15,499 INFO org.apache.hadoop.mapreduce.Job (main):  map 100% reduce 87%
2026-01-28 09:06:16,505 INFO org.apache.hadoop.mapreduce.Job (main):  map 100% reduce 89%
2026-01-28 09:06:17,509 INFO org.apache.hadoop.mapreduce.Job (main):  map 100% reduce 92%
2026-01-28 09:06:20,523 INFO org.apache.hadoop.mapreduce.Job (main):  map 100% reduce 94%
2026-01-28 09:06:21,526 INFO org.apache.hadoop.mapreduce.Job (main):  map 100% reduce 96%
2026-01-28 09:06:22,529 INFO org.apache.hadoop.mapreduce.Job (main):  map 100% reduce 97%
2026-01-28 09:06:23,532 INFO org.apache.hadoop.mapreduce.Job (main):  map 100% reduce 98%
2026-01-28 09:06:26,546 INFO org.apache.hadoop.mapreduce.Job (main):  map 100% reduce 99%
2026-01-28 09:06:28,551 INFO org.apache.hadoop.mapreduce.Job (main):  map 100% reduce 100%
2026-01-28 09:06:29,557 INFO org.apache.hadoop.mapreduce.Job (main): Job job_1769590163068_0003 completed successfully
2026-01-28 09:06:29,584 INFO org.apache.hadoop.mapreduce.Job (main): Counters: 55
	File System Counters
		FILE: Number of bytes read=575256713
		FILE: Number of bytes written=1215724607
		FILE: Number of read operations=0
		FILE: Number of large read operations=0
		FILE: Number of write operations=0
		HDFS: Number of bytes read=4260
		HDFS: Number of bytes written=0
		HDFS: Number of read operations=30
		HDFS: Number of large read operations=0
		HDFS: Number of write operations=0
		S3: Number of bytes read=1326159279
		S3: Number of bytes written=1114734918
		S3: Number of read operations=0
		S3: Number of large read operations=0
		S3: Number of write operations=0
	Job Counters 
		Killed reduce tasks=1
		Launched map tasks=30
		Launched reduce tasks=16
		Data-local map tasks=30
		Total time spent by all maps in occupied slots (ms)=3897718272
		Total time spent by all reduces in occupied slots (ms)=2844404736
		Total time spent by all map tasks (ms)=2537577
		Total time spent by all reduce tasks (ms)=925913
		Total vcore-milliseconds taken by all map tasks=2537577
		Total vcore-milliseconds taken by all reduce tasks=925913
		Total megabyte-milliseconds taken by all map tasks=3897718272
		Total megabyte-milliseconds taken by all reduce tasks=2844404736
	Map-Reduce Framework
		Map input records=26123840
		Map output records=52247680
		Map output bytes=1999213027
		Map output materialized bytes=630244295
		Input split bytes=4260
		Combine input records=0
		Combine output records=0
		Reduce input groups=27873652
		Reduce shuffle bytes=630244295
		Reduce input records=52247680
		Reduce output records=26123840
		Spilled Records=104495360
		Shuffled Maps =450
		Failed Shuffles=0
		Merged Map outputs=450
		GC time elapsed (ms)=56359
		CPU time spent (ms)=1454860
		Physical memory (bytes) snapshot=39552274432
		Virtual memory (bytes) snapshot=190939185152
		Total committed heap usage (bytes)=35841900544
	Shuffle Errors
		BAD_ID=0
		CONNECTION=0
		IO_ERROR=0
		WRONG_LENGTH=0
		WRONG_MAP=0
		WRONG_REDUCE=0
	File Input Format Counters 
		Bytes Read=1326159279
	File Output Format Counters 
		Bytes Written=1114734918
2026-01-28 09:06:29,616 INFO org.apache.hadoop.yarn.client.RMProxy (main): Connecting to ResourceManager at ip-172-31-75-195.ec2.internal/172.31.75.195:8032
2026-01-28 09:06:29,616 INFO org.apache.hadoop.yarn.client.AHSProxy (main): Connecting to Application History server at ip-172-31-75-195.ec2.internal/172.31.75.195:10200
2026-01-28 09:06:33,779 INFO org.apache.hadoop.mapreduce.lib.input.FileInputFormat (main): Total input files to process : 15
2026-01-28 09:06:33,864 INFO org.apache.hadoop.mapreduce.JobSubmitter (main): number of splits:26
2026-01-28 09:06:33,915 INFO org.apache.hadoop.mapreduce.JobSubmitter (main): Submitting tokens for job: job_1769590163068_0004
2026-01-28 09:06:33,950 INFO org.apache.hadoop.yarn.client.api.impl.YarnClientImpl (main): Submitted application application_1769590163068_0004
2026-01-28 09:06:33,959 INFO org.apache.hadoop.mapreduce.Job (main): The url to track the job: http://ip-172-31-75-195.ec2.internal:20888/proxy/application_1769590163068_0004/
2026-01-28 09:06:33,959 INFO org.apache.hadoop.mapreduce.Job (main): Running job: job_1769590163068_0004
2026-01-28 09:06:52,231 INFO org.apache.hadoop.mapreduce.Job (main): Job job_1769590163068_0004 running in uber mode : false
2026-01-28 09:06:52,232 INFO org.apache.hadoop.mapreduce.Job (main):  map 0% reduce 0%
2026-01-28 09:07:17,482 INFO org.apache.hadoop.mapreduce.Job (main):  map 4% reduce 0%
2026-01-28 09:07:20,498 INFO org.apache.hadoop.mapreduce.Job (main):  map 9% reduce 0%
2026-01-28 09:07:21,508 INFO org.apache.hadoop.mapreduce.Job (main):  map 14% reduce 0%
2026-01-28 09:07:22,512 INFO org.apache.hadoop.mapreduce.Job (main):  map 17% reduce 0%
2026-01-28 09:07:25,527 INFO org.apache.hadoop.mapreduce.Job (main):  map 18% reduce 0%
2026-01-28 09:07:29,540 INFO org.apache.hadoop.mapreduce.Job (main):  map 21% reduce 0%
2026-01-28 09:07:31,550 INFO org.apache.hadoop.mapreduce.Job (main):  map 27% reduce 0%
2026-01-28 09:07:33,557 INFO org.apache.hadoop.mapreduce.Job (main):  map 29% reduce 0%
2026-01-28 09:07:34,562 INFO org.apache.hadoop.mapreduce.Job (main):  map 47% reduce 0%
2026-01-28 09:07:35,564 INFO org.apache.hadoop.mapreduce.Job (main):  map 54% reduce 0%
2026-01-28 09:07:36,568 INFO org.apache.hadoop.mapreduce.Job (main):  map 59% reduce 0%
2026-01-28 09:07:37,571 INFO org.apache.hadoop.mapreduce.Job (main):  map 65% reduce 0%
2026-01-28 09:07:38,578 INFO org.apache.hadoop.mapreduce.Job (main):  map 66% reduce 0%
2026-01-28 09:07:39,581 INFO org.apache.hadoop.mapreduce.Job (main):  map 67% reduce 0%
2026-01-28 09:07:40,583 INFO org.apache.hadoop.mapreduce.Job (main):  map 68% reduce 0%
2026-01-28 09:07:41,586 INFO org.apache.hadoop.mapreduce.Job (main):  map 74% reduce 0%
2026-01-28 09:07:43,591 INFO org.apache.hadoop.mapreduce.Job (main):  map 81% reduce 0%
2026-01-28 09:07:46,599 INFO org.apache.hadoop.mapreduce.Job (main):  map 81% reduce 2%
2026-01-28 09:07:48,604 INFO org.apache.hadoop.mapreduce.Job (main):  map 82% reduce 5%
2026-01-28 09:07:49,608 INFO org.apache.hadoop.mapreduce.Job (main):  map 83% reduce 5%
2026-01-28 09:07:50,610 INFO org.apache.hadoop.mapreduce.Job (main):  map 85% reduce 6%
2026-01-28 09:07:51,613 INFO org.apache.hadoop.mapreduce.Job (main):  map 86% reduce 6%
2026-01-28 09:07:52,616 INFO org.apache.hadoop.mapreduce.Job (main):  map 90% reduce 7%
2026-01-28 09:07:54,622 INFO org.apache.hadoop.mapreduce.Job (main):  map 91% reduce 9%
2026-01-28 09:07:55,628 INFO org.apache.hadoop.mapreduce.Job (main):  map 94% reduce 11%
2026-01-28 09:07:56,631 INFO org.apache.hadoop.mapreduce.Job (main):  map 95% reduce 12%
2026-01-28 09:07:57,634 INFO org.apache.hadoop.mapreduce.Job (main):  map 96% reduce 12%
2026-01-28 09:07:58,638 INFO org.apache.hadoop.mapreduce.Job (main):  map 97% reduce 15%
2026-01-28 09:08:00,648 INFO org.apache.hadoop.mapreduce.Job (main):  map 97% reduce 18%
2026-01-28 09:08:08,667 INFO org.apache.hadoop.mapreduce.Job (main):  map 97% reduce 21%
2026-01-28 09:08:09,670 INFO org.apache.hadoop.mapreduce.Job (main):  map 97% reduce 23%
2026-01-28 09:08:11,675 INFO org.apache.hadoop.mapreduce.Job (main):  map 97% reduce 25%
2026-01-28 09:08:13,679 INFO org.apache.hadoop.mapreduce.Job (main):  map 99% reduce 25%
2026-01-28 09:08:14,683 INFO org.apache.hadoop.mapreduce.Job (main):  map 100% reduce 27%
2026-01-28 09:08:15,686 INFO org.apache.hadoop.mapreduce.Job (main):  map 100% reduce 32%
2026-01-28 09:08:16,691 INFO org.apache.hadoop.mapreduce.Job (main):  map 100% reduce 52%
2026-01-28 09:08:17,696 INFO org.apache.hadoop.mapreduce.Job (main):  map 100% reduce 80%
2026-01-28 09:08:19,701 INFO org.apache.hadoop.mapreduce.Job (main):  map 100% reduce 81%
2026-01-28 09:08:20,703 INFO org.apache.hadoop.mapreduce.Job (main):  map 100% reduce 82%
2026-01-28 09:08:22,709 INFO org.apache.hadoop.mapreduce.Job (main):  map 100% reduce 91%
2026-01-28 09:08:25,715 INFO org.apache.hadoop.mapreduce.Job (main):  map 100% reduce 92%
2026-01-28 09:08:26,718 INFO org.apache.hadoop.mapreduce.Job (main):  map 100% reduce 93%
2026-01-28 09:08:28,722 INFO org.apache.hadoop.mapreduce.Job (main):  map 100% reduce 95%
2026-01-28 09:08:30,727 INFO org.apache.hadoop.mapreduce.Job (main):  map 100% reduce 96%
2026-01-28 09:08:31,729 INFO org.apache.hadoop.mapreduce.Job (main):  map 100% reduce 97%
2026-01-28 09:08:32,733 INFO org.apache.hadoop.mapreduce.Job (main):  map 100% reduce 100%
2026-01-28 09:08:34,747 INFO org.apache.hadoop.mapreduce.Job (main): Job job_1769590163068_0004 completed successfully
2026-01-28 09:08:34,777 INFO org.apache.hadoop.mapreduce.Job (main): Counters: 56
	File System Counters
		FILE: Number of bytes read=514580166
		FILE: Number of bytes written=1048878472
		FILE: Number of read operations=0
		FILE: Number of large read operations=0
		FILE: Number of write operations=0
		HDFS: Number of bytes read=3692
		HDFS: Number of bytes written=0
		HDFS: Number of read operations=26
		HDFS: Number of large read operations=0
		HDFS: Number of write operations=0
		S3: Number of bytes read=1115029915
		S3: Number of bytes written=161806
		S3: Number of read operations=0
		S3: Number of large read operations=0
		S3: Number of write operations=0
	Job Counters 
		Killed map tasks=2
		Killed reduce tasks=1
		Launched map tasks=26
		Launched reduce tasks=15
		Data-local map tasks=26
		Total time spent by all maps in occupied slots (ms)=1939447296
		Total time spent by all reduces in occupied slots (ms)=1721032704
		Total time spent by all map tasks (ms)=1262661
		Total time spent by all reduce tasks (ms)=560232
		Total vcore-milliseconds taken by all map tasks=1262661
		Total vcore-milliseconds taken by all reduce tasks=560232
		Total megabyte-milliseconds taken by all map tasks=1939447296
		Total megabyte-milliseconds taken by all reduce tasks=1721032704
	Map-Reduce Framework
		Map input records=26123840
		Map output records=26123840
		Map output bytes=894815903
		Map output materialized bytes=524977146
		Input split bytes=3692
		Combine input records=0
		Combine output records=0
		Reduce input groups=33
		Reduce shuffle bytes=524977146
		Reduce input records=26123840
		Reduce output records=3300
		Spilled Records=52247680
		Shuffled Maps =390
		Failed Shuffles=0
		Merged Map outputs=390
		GC time elapsed (ms)=29795
		CPU time spent (ms)=470460
		Physical memory (bytes) snapshot=23849037824
		Virtual memory (bytes) snapshot=174016458752
		Total committed heap usage (bytes)=19763560448
	Shuffle Errors
		BAD_ID=0
		CONNECTION=0
		IO_ERROR=0
		WRONG_LENGTH=0
		WRONG_MAP=0
		WRONG_REDUCE=0
	File Input Format Counters 
		Bytes Read=1115029915
	File Output Format Counters 
		Bytes Written=161806
